<html>
<body>
<pre>
<h1>µVision Build Log</h1>
<h2>Tool Versions:</h2>
IDE-Version: ¦ÌVision V5.16a
Copyright (C) 2015 ARM Ltd and ARM Germany GmbH. All rights reserved.
License Information: roger Microsoft, Microsoft, LIC=32BZ9-47M6K-PBEEG-V8A0E-CDLAI-JAK5P
 
Tool Versions:
Toolchain:       MDK-ARM Standard  Version: 5.16a
Toolchain Path:  D:\Keil_v5\ARM\ARMCC\Bin
C Compiler:      Armcc.exe V5.06 (build 20)
Assembler:       Armasm.exe V5.06 (build 20)
Linker/Locator:  ArmLink.exe V5.06 (build 20)
Library Manager: ArmAr.exe V5.06 (build 20)
Hex Converter:   FromElf.exe V5.06 (build 20)
CPU DLL:         SARMCM3.DLL V5.16a
Dialog DLL:      DCM.DLL V1.13.2.0
Target DLL:      STLink\ST-LINKIII-KEIL_SWO.dll V2.0.17.0
Dialog DLL:      TCM.DLL V1.14.5.0
 
<h2>Project:</h2>
C:\Users\Roger\Desktop\TesterForMainboardV0.32\MDK-ARM\TesterForMainboard.uvprojx
Project File Date:  12/11/2017

<h2>Output:</h2>
*** Using Compiler 'V5.06 (build 20)', folder: 'D:\Keil_v5\ARM\ARMCC\Bin'
Rebuild target 'TesterForMainboard'
compiling global_variable.c...
compiling event.c...
compiling system_stm32f1xx.c...
compiling host.c...
compiling MyIT.c...
compiling MyADC.c...
compiling MyGPIO.c...
assembling startup_stm32f103xb.s...
compiling MyIWDG.c...
compiling MyUART.c...
compiling iwdg.c...
compiling adc.c...
compiling stm32f1xx_hal_msp.c...
compiling stm32f1xx_it.c...
compiling dma.c...
compiling gpio.c...
compiling usart.c...
compiling main.c...
compiling stm32f1xx_hal_rcc.c...
compiling stm32f1xx_hal_pwr.c...
compiling stm32f1xx_hal_tim_ex.c...
compiling stm32f1xx_hal_gpio_ex.c...
compiling stm32f1xx_hal_adc.c...
compiling stm32f1xx_hal_iwdg.c...
compiling stm32f1xx_hal_uart.c...
compiling stm32f1xx_hal_adc_ex.c...
compiling stm32f1xx_hal_cortex.c...
compiling stm32f1xx_hal_tim.c...
compiling stm32f1xx_hal_flash_ex.c...
compiling stm32f1xx_hal_flash.c...
compiling stm32f1xx_hal_gpio.c...
compiling stm32f1xx_hal_rcc_ex.c...
compiling stm32f1xx_hal_dma.c...
compiling stm32f1xx_hal.c...
linking...
Program Size: Code=22628 RO-data=916 RW-data=160 ZI-data=2608  
FromELF: creating hex file...
"TesterForMainboard\TesterForMainboard.axf" - 0 Error(s), 0 Warning(s).

<h2>Software Packages used:</h2>

Package Vendor: ARM
                http://www.keil.com/pack/ARM.CMSIS.4.3.0.pack
                ARM::CMSIS:CORE:4.1.0
                CMSIS (Cortex Microcontroller Software Interface Standard)
   * Component: CORE Version: 4.1.0

<h2>Collection of Component include folders:</h2>
  C:\Users\Roger\Desktop\TesterForMainboardV0.32\MDK-ARM\RTE
  D:\Keil_v5\ARM\PACK\ARM\CMSIS\4.3.0\CMSIS\Include
  D:\Keil_v5\ARM\PACK\Keil\STM32F1xx_DFP\2.2.0\Device\Include

<h2>Collection of Component Files used:</h2>

   * Component: ARM::CMSIS:CORE:4.1.0
Build Time Elapsed:  00:00:46
</pre>
</body>
</html>
