Component: ARM Compiler 5.06 (build 20) Tool: armlink [4d35a3]

==============================================================================

Section Cross References

    system_stm32f1xx.o(i.SystemCoreClockUpdate) refers to system_stm32f1xx.o(.data) for SystemCoreClock
    system_stm32f1xx.o(i.SystemCoreClockUpdate) refers to system_stm32f1xx.o(.constdata) for AHBPrescTable
    event.o(i.task_countdown) refers to event.o(.bss) for task_delay
    event.o(i.task_scheduler) refers to event.o(.bss) for task_delay
    event.o(i.task_scheduler) refers to event.o(.data) for schedule_step
    event.o(.data) refers to myadc.o(i.task0_AdSample) for task0_AdSample
    event.o(.data) refers to host.o(i.task1_TestHandle) for task1_TestHandle
    event.o(.data) refers to myuart.o(i.task2_Uart3Debug) for task2_Uart3Debug
    event.o(.data) refers to myuart.o(i.task3_Uart2Comm) for task3_Uart2Comm
    event.o(.data) refers to myuart.o(i.task4_Uart1HMI) for task4_Uart1HMI
    event.o(.data) refers to mygpio.o(i.task5_PeripheralControl) for task5_PeripheralControl
    event.o(.data) refers to myiwdg.o(i.task6_FeedDog) for task6_FeedDog
    host.o(i.ResetTest) refers to stm32f1xx_hal_gpio.o(i.HAL_GPIO_WritePin) for HAL_GPIO_WritePin
    host.o(i.Test18V) refers to printf1.o(i.__0printf$1) for __2printf
    host.o(i.Test18V) refers to global_variable.o(.bss) for AdcQueue
    host.o(i.Test18V) refers to global_variable.o(.data) for TestStatus
    host.o(i.Test3V3) refers to printf1.o(i.__0printf$1) for __2printf
    host.o(i.Test3V3) refers to global_variable.o(.bss) for AdcQueue
    host.o(i.Test3V3) refers to global_variable.o(.data) for TestStatus
    host.o(i.TestCalibrate) refers to stm32f1xx_hal_gpio.o(i.HAL_GPIO_WritePin) for HAL_GPIO_WritePin
    host.o(i.TestCalibrate) refers to printf1.o(i.__0printf$1) for __2printf
    host.o(i.TestCalibrate) refers to host.o(.data) for CalibrateStep
    host.o(i.TestCalibrate) refers to global_variable.o(.data) for BoardControl
    host.o(i.TestCalibrate) refers to myuart.o(.bss) for CommuData
    host.o(i.TestCalibrate) refers to global_variable.o(.bss) for AdcQueue
    host.o(i.TestCommunation) refers to printf1.o(i.__0printf$1) for __2printf
    host.o(i.TestCommunation) refers to global_variable.o(.data) for BoardControl
    host.o(i.TestCommunation) refers to host.o(.data) for CommunationCounter
    host.o(i.TestCommunation) refers to global_variable.o(.bss) for BoardReveivedData
    host.o(i.TestComplete) refers to stm32f1xx_hal_gpio.o(i.HAL_GPIO_WritePin) for HAL_GPIO_WritePin
    host.o(i.TestComplete) refers to host.o(i.ResetTest) for ResetTest
    host.o(i.TestComplete) refers to global_variable.o(.data) for TestStatus
    host.o(i.TestH18V) refers to stm32f1xx_hal_gpio.o(i.HAL_GPIO_WritePin) for HAL_GPIO_WritePin
    host.o(i.TestH18V) refers to stm32f1xx_hal_gpio.o(i.HAL_GPIO_ReadPin) for HAL_GPIO_ReadPin
    host.o(i.TestH18V) refers to printf1.o(i.__0printf$1) for __2printf
    host.o(i.TestH18V) refers to host.o(.data) for H18VStep
    host.o(i.TestH18V) refers to global_variable.o(.data) for TestStatus
    host.o(i.TestI3V3) refers to printf1.o(i.__0printf$1) for __2printf
    host.o(i.TestI3V3) refers to global_variable.o(.bss) for AdcQueue
    host.o(i.TestI3V3) refers to global_variable.o(.data) for TestStatus
    host.o(i.TestIgbtTemperature) refers to printf1.o(i.__0printf$1) for __2printf
    host.o(i.TestIgbtTemperature) refers to myuart.o(.bss) for CommuData
    host.o(i.TestIgbtTemperature) refers to global_variable.o(.bss) for AdcQueue
    host.o(i.TestIgbtTemperature) refers to global_variable.o(.data) for TestStatus
    host.o(i.TestIgbthDriver) refers to printf1.o(i.__0printf$1) for __2printf
    host.o(i.TestIgbthDriver) refers to global_variable.o(.data) for BoardControl
    host.o(i.TestIgbtlDriver) refers to printf1.o(i.__0printf$1) for __2printf
    host.o(i.TestIgbtlDriver) refers to global_variable.o(.data) for BoardControl
    host.o(i.TestIgbtlDriver) refers to host.o(.data) for test_order
    host.o(i.TestOverCurrentProtect) refers to stm32f1xx_hal_gpio.o(i.HAL_GPIO_WritePin) for HAL_GPIO_WritePin
    host.o(i.TestOverCurrentProtect) refers to printf1.o(i.__0printf$1) for __2printf
    host.o(i.TestOverCurrentProtect) refers to host.o(.data) for CurrentProtectStep
    host.o(i.TestOverCurrentProtect) refers to myuart.o(.bss) for CommuData
    host.o(i.TestOverCurrentProtect) refers to global_variable.o(.data) for TestStatus
    host.o(i.TestPanChecker) refers to stm32f1xx_hal_gpio.o(i.HAL_GPIO_WritePin) for HAL_GPIO_WritePin
    host.o(i.TestPanChecker) refers to printf1.o(i.__0printf$1) for __2printf
    host.o(i.TestPanChecker) refers to host.o(.data) for PanCheckerStep
    host.o(i.TestPanChecker) refers to global_variable.o(.data) for LoadTestReference
    host.o(i.TestPanChecker) refers to myuart.o(.bss) for CommuData
    host.o(i.TestPowerCheck) refers to global_variable.o(.data) for TestStatus
[...]
    Removing stm32f1xx_hal_flash_ex.o(i.HAL_FLASHEx_Erase_IT), (100 bytes).
    Removing stm32f1xx_hal_flash_ex.o(i.HAL_FLASHEx_OBErase), (96 bytes).
    Removing stm32f1xx_hal_flash_ex.o(i.HAL_FLASHEx_OBGetConfig), (28 bytes).
    Removing stm32f1xx_hal_flash_ex.o(i.HAL_FLASHEx_OBGetUserData), (40 bytes).
    Removing stm32f1xx_hal_flash_ex.o(i.HAL_FLASHEx_OBProgram), (200 bytes).
    Removing stm32f1xx_hal_tim.o(.rev16_text), (4 bytes).
    Removing stm32f1xx_hal_tim.o(.revsh_text), (4 bytes).
    Removing stm32f1xx_hal_tim.o(.rrx_text), (6 bytes).
    Removing stm32f1xx_hal_flash.o(.rev16_text), (4 bytes).
    Removing stm32f1xx_hal_flash.o(.revsh_text), (4 bytes).
    Removing stm32f1xx_hal_flash.o(.rrx_text), (6 bytes).
    Removing stm32f1xx_hal_flash.o(i.FLASH_Program_HalfWord), (32 bytes).
    Removing stm32f1xx_hal_flash.o(i.FLASH_SetErrorCode), (132 bytes).
    Removing stm32f1xx_hal_flash.o(i.FLASH_WaitForLastOperation), (112 bytes).
    Removing stm32f1xx_hal_flash.o(i.HAL_FLASH_EndOfOperationCallback), (2 bytes).
    Removing stm32f1xx_hal_flash.o(i.HAL_FLASH_GetError), (12 bytes).
    Removing stm32f1xx_hal_flash.o(i.HAL_FLASH_IRQHandler), (384 bytes).
    Removing stm32f1xx_hal_flash.o(i.HAL_FLASH_Lock), (20 bytes).
    Removing stm32f1xx_hal_flash.o(i.HAL_FLASH_OB_Launch), (8 bytes).
    Removing stm32f1xx_hal_flash.o(i.HAL_FLASH_OB_Lock), (20 bytes).
    Removing stm32f1xx_hal_flash.o(i.HAL_FLASH_OB_Unlock), (44 bytes).
    Removing stm32f1xx_hal_flash.o(i.HAL_FLASH_OperationErrorCallback), (2 bytes).
    Removing stm32f1xx_hal_flash.o(i.HAL_FLASH_Program), (176 bytes).
    Removing stm32f1xx_hal_flash.o(i.HAL_FLASH_Program_IT), (124 bytes).
    Removing stm32f1xx_hal_flash.o(i.HAL_FLASH_Unlock), (44 bytes).
    Removing stm32f1xx_hal_flash.o(.bss), (32 bytes).
    Removing stm32f1xx_hal_rcc_ex.o(.rev16_text), (4 bytes).
    Removing stm32f1xx_hal_rcc_ex.o(.revsh_text), (4 bytes).
    Removing stm32f1xx_hal_rcc_ex.o(.rrx_text), (6 bytes).
    Removing stm32f1xx_hal_rcc_ex.o(i.HAL_RCCEx_GetPeriphCLKConfig), (60 bytes).
    Removing stm32f1xx_hal_gpio.o(.rev16_text), (4 bytes).
    Removing stm32f1xx_hal_gpio.o(.revsh_text), (4 bytes).
    Removing stm32f1xx_hal_gpio.o(.rrx_text), (6 bytes).
    Removing stm32f1xx_hal_gpio.o(i.HAL_GPIO_DeInit), (312 bytes).
    Removing stm32f1xx_hal_gpio.o(i.HAL_GPIO_LockPin), (46 bytes).
    Removing stm32f1xx_hal_dma.o(.rev16_text), (4 bytes).
    Removing stm32f1xx_hal_dma.o(.revsh_text), (4 bytes).
    Removing stm32f1xx_hal_dma.o(.rrx_text), (6 bytes).
    Removing stm32f1xx_hal_dma.o(i.HAL_DMA_DeInit), (96 bytes).
    Removing stm32f1xx_hal_dma.o(i.HAL_DMA_GetError), (6 bytes).
    Removing stm32f1xx_hal_dma.o(i.HAL_DMA_GetState), (8 bytes).
    Removing stm32f1xx_hal_dma.o(i.HAL_DMA_PollForTransfer), (692 bytes).
    Removing stm32f1xx_hal_dma.o(i.HAL_DMA_RegisterCallback), (90 bytes).
    Removing stm32f1xx_hal_dma.o(i.HAL_DMA_Start), (114 bytes).
    Removing stm32f1xx_hal_dma.o(i.HAL_DMA_UnRegisterCallback), (106 bytes).
    Removing stm32f1xx_hal.o(.rev16_text), (4 bytes).
    Removing stm32f1xx_hal.o(.revsh_text), (4 bytes).
    Removing stm32f1xx_hal.o(.rrx_text), (6 bytes).
    Removing stm32f1xx_hal.o(i.HAL_DBGMCU_DisableDBGSleepMode), (20 bytes).
    Removing stm32f1xx_hal.o(i.HAL_DBGMCU_DisableDBGStandbyMode), (20 bytes).
    Removing stm32f1xx_hal.o(i.HAL_DBGMCU_DisableDBGStopMode), (20 bytes).
    Removing stm32f1xx_hal.o(i.HAL_DBGMCU_EnableDBGSleepMode), (20 bytes).
    Removing stm32f1xx_hal.o(i.HAL_DBGMCU_EnableDBGStandbyMode), (20 bytes).
    Removing stm32f1xx_hal.o(i.HAL_DBGMCU_EnableDBGStopMode), (20 bytes).
    Removing stm32f1xx_hal.o(i.HAL_DeInit), (36 bytes).
    Removing stm32f1xx_hal.o(i.HAL_Delay), (30 bytes).
    Removing stm32f1xx_hal.o(i.HAL_GetDEVID), (16 bytes).
    Removing stm32f1xx_hal.o(i.HAL_GetHalVersion), (8 bytes).
    Removing stm32f1xx_hal.o(i.HAL_GetREVID), (12 bytes).
    Removing stm32f1xx_hal.o(i.HAL_GetUID), (28 bytes).
    Removing stm32f1xx_hal.o(i.HAL_MspDeInit), (2 bytes).
    Removing stm32f1xx_hal.o(i.HAL_MspInit), (2 bytes).
    Removing stm32f1xx_hal.o(i.HAL_ResumeTick), (18 bytes).
    Removing stm32f1xx_hal.o(i.HAL_SuspendTick), (18 bytes).
    Removing dadd.o(.text), (334 bytes).
    Removing dmul.o(.text), (228 bytes).
    Removing ddiv.o(.text), (222 bytes).
    Removing dfixul.o(.text), (48 bytes).
    Removing cdrcmple.o(.text), (48 bytes).
    Removing depilogue.o(.text), (186 bytes).

261 unused section(s) (total 15288 bytes) removed from the image.

==============================================================================

Image Symbol Table

    Local Symbols

    Symbol Name                              Value     Ov Type        Size  Object(Section)

    ../Drivers/STM32F1xx_HAL_Driver/Src/stm32f1xx_hal.c 0x00000000   Number         0  stm32f1xx_hal.o ABSOLUTE
    ../Drivers/STM32F1xx_HAL_Driver/Src/stm32f1xx_hal_adc.c 0x00000000   Number         0  stm32f1xx_hal_adc.o ABSOLUTE
    ../Drivers/STM32F1xx_HAL_Driver/Src/stm32f1xx_hal_adc_ex.c 0x00000000   Number         0  stm32f1xx_hal_adc_ex.o ABSOLUTE
    ../Drivers/STM32F1xx_HAL_Driver/Src/stm32f1xx_hal_cortex.c 0x00000000   Number         0  stm32f1xx_hal_cortex.o ABSOLUTE
    ../Drivers/STM32F1xx_HAL_Driver/Src/stm32f1xx_hal_dma.c 0x00000000   Number         0  stm32f1xx_hal_dma.o ABSOLUTE
    ../Drivers/STM32F1xx_HAL_Driver/Src/stm32f1xx_hal_flash.c 0x00000000   Number         0  stm32f1xx_hal_flash.o ABSOLUTE
    ../Drivers/STM32F1xx_HAL_Driver/Src/stm32f1xx_hal_flash_ex.c 0x00000000   Number         0  stm32f1xx_hal_flash_ex.o ABSOLUTE
    ../Drivers/STM32F1xx_HAL_Driver/Src/stm32f1xx_hal_gpio.c 0x00000000   Number         0  stm32f1xx_hal_gpio.o ABSOLUTE
    ../Drivers/STM32F1xx_HAL_Driver/Src/stm32f1xx_hal_gpio_ex.c 0x00000000   Number         0  stm32f1xx_hal_gpio_ex.o ABSOLUTE
    ../Drivers/STM32F1xx_HAL_Driver/Src/stm32f1xx_hal_iwdg.c 0x00000000   Number         0  stm32f1xx_hal_iwdg.o ABSOLUTE
    ../Drivers/STM32F1xx_HAL_Driver/Src/stm32f1xx_hal_pwr.c 0x00000000   Number         0  stm32f1xx_hal_pwr.o ABSOLUTE
    ../Drivers/STM32F1xx_HAL_Driver/Src/stm32f1xx_hal_rcc.c 0x00000000   Number         0  stm32f1xx_hal_rcc.o ABSOLUTE
    ../Drivers/STM32F1xx_HAL_Driver/Src/stm32f1xx_hal_rcc_ex.c 0x00000000   Number         0  stm32f1xx_hal_rcc_ex.o ABSOLUTE
    ../Drivers/STM32F1xx_HAL_Driver/Src/stm32f1xx_hal_tim.c 0x00000000   Number         0  stm32f1xx_hal_tim.o ABSOLUTE
    ../Drivers/STM32F1xx_HAL_Driver/Src/stm32f1xx_hal_tim_ex.c 0x00000000   Number         0  stm32f1xx_hal_tim_ex.o ABSOLUTE
    ../Drivers/STM32F1xx_HAL_Driver/Src/stm32f1xx_hal_uart.c 0x00000000   Number         0  stm32f1xx_hal_uart.o ABSOLUTE
    ../Src/adc.c                             0x00000000   Number         0  adc.o ABSOLUTE
    ../Src/dma.c                             0x00000000   Number         0  dma.o ABSOLUTE
    ../Src/gpio.c                            0x00000000   Number         0  gpio.o ABSOLUTE
    ../Src/iwdg.c                            0x00000000   Number         0  iwdg.o ABSOLUTE
    ../Src/main.c                            0x00000000   Number         0  main.o ABSOLUTE
    ../Src/stm32f1xx_hal_msp.c               0x00000000   Number         0  stm32f1xx_hal_msp.o ABSOLUTE
    ../Src/stm32f1xx_it.c                    0x00000000   Number         0  stm32f1xx_it.o ABSOLUTE
    ../Src/system_stm32f1xx.c                0x00000000   Number         0  system_stm32f1xx.o ABSOLUTE
    ../Src/usart.c                           0x00000000   Number         0  usart.o ABSOLUTE
    ../clib/microlib/division.c              0x00000000   Number         0  uidiv.o ABSOLUTE
    ../clib/microlib/division.c              0x00000000   Number         0  uldiv.o ABSOLUTE
    ../clib/microlib/init/entry.s            0x00000000   Number         0  entry8b.o ABSOLUTE
    ../clib/microlib/init/entry.s            0x00000000   Number         0  entry7b.o ABSOLUTE
    ../clib/microlib/init/entry.s            0x00000000   Number         0  entry8a.o ABSOLUTE
    ../clib/microlib/init/entry.s            0x00000000   Number         0  entry10b.o ABSOLUTE
    ../clib/microlib/init/entry.s            0x00000000   Number         0  entry7a.o ABSOLUTE
    ../clib/microlib/init/entry.s            0x00000000   Number         0  entry.o ABSOLUTE
    ../clib/microlib/init/entry.s            0x00000000   Number         0  entry2.o ABSOLUTE
    ../clib/microlib/init/entry.s            0x00000000   Number         0  entry11b.o ABSOLUTE
    ../clib/microlib/init/entry.s            0x00000000   Number         0  entry11a.o ABSOLUTE
    ../clib/microlib/init/entry.s            0x00000000   Number         0  entry10a.o ABSOLUTE
    ../clib/microlib/init/entry.s            0x00000000   Number         0  entry9b.o ABSOLUTE
    ../clib/microlib/init/entry.s            0x00000000   Number         0  entry5.o ABSOLUTE
    ../clib/microlib/init/entry.s            0x00000000   Number         0  entry9a.o ABSOLUTE
    ../clib/microlib/longlong.c              0x00000000   Number         0  llshl.o ABSOLUTE
    ../clib/microlib/longlong.c              0x00000000   Number         0  llsshr.o ABSOLUTE
    ../clib/microlib/longlong.c              0x00000000   Number         0  llushr.o ABSOLUTE
    ../clib/microlib/printf/printf.c         0x00000000   Number         0  printf3.o ABSOLUTE
    ../clib/microlib/printf/printf.c         0x00000000   Number         0  printf2.o ABSOLUTE
    ../clib/microlib/printf/printf.c         0x00000000   Number         0  printf1.o ABSOLUTE
    ../clib/microlib/printf/printf.c         0x00000000   Number         0  printf0.o ABSOLUTE
    ../clib/microlib/printf/printf.c         0x00000000   Number         0  printf7.o ABSOLUTE
    ../clib/microlib/printf/printf.c         0x00000000   Number         0  printfb.o ABSOLUTE
    ../clib/microlib/printf/printf.c         0x00000000   Number         0  printfa.o ABSOLUTE
    ../clib/microlib/printf/printf.c         0x00000000   Number         0  printf8.o ABSOLUTE
    ../clib/microlib/printf/printf.c         0x00000000   Number         0  printf6.o ABSOLUTE
    ../clib/microlib/printf/printf.c         0x00000000   Number         0  printf5.o ABSOLUTE
    ../clib/microlib/printf/printf.c         0x00000000   Number         0  printf4.o ABSOLUTE
    ../clib/microlib/printf/stubs.s          0x00000000   Number         0  stubs.o ABSOLUTE
    ../clib/microlib/stdio/streams.c         0x00000000   Number         0  stdout.o ABSOLUTE
    ../clib/microlib/stubs.s                 0x00000000   Number         0  iusefp.o ABSOLUTE
    ../fplib/microlib/fpadd.c                0x00000000   Number         0  dadd.o ABSOLUTE
    ../fplib/microlib/fpdiv.c                0x00000000   Number         0  ddiv.o ABSOLUTE
    ../fplib/microlib/fpepilogue.c           0x00000000   Number         0  depilogue.o ABSOLUTE
    ../fplib/microlib/fpfix.c                0x00000000   Number         0  dfixul.o ABSOLUTE
    ../fplib/microlib/fpmul.c                0x00000000   Number         0  dmul.o ABSOLUTE
    ..\Drivers\STM32F1xx_HAL_Driver\Src\stm32f1xx_hal.c 0x00000000   Number         0  stm32f1xx_hal.o ABSOLUTE
    ..\Drivers\STM32F1xx_HAL_Driver\Src\stm32f1xx_hal_adc.c 0x00000000   Number         0  stm32f1xx_hal_adc.o ABSOLUTE
    ..\Drivers\STM32F1xx_HAL_Driver\Src\stm32f1xx_hal_adc_ex.c 0x00000000   Number         0  stm32f1xx_hal_adc_ex.o ABSOLUTE
    ..\Drivers\STM32F1xx_HAL_Driver\Src\stm32f1xx_hal_cortex.c 0x00000000   Number         0  stm32f1xx_hal_cortex.o ABSOLUTE
    ..\Drivers\STM32F1xx_HAL_Driver\Src\stm32f1xx_hal_dma.c 0x00000000   Number         0  stm32f1xx_hal_dma.o ABSOLUTE
    ..\Drivers\STM32F1xx_HAL_Driver\Src\stm32f1xx_hal_flash.c 0x00000000   Number         0  stm32f1xx_hal_flash.o ABSOLUTE
    ..\Drivers\STM32F1xx_HAL_Driver\Src\stm32f1xx_hal_flash_ex.c 0x00000000   Number         0  stm32f1xx_hal_flash_ex.o ABSOLUTE
    ..\Drivers\STM32F1xx_HAL_Driver\Src\stm32f1xx_hal_gpio.c 0x00000000   Number         0  stm32f1xx_hal_gpio.o ABSOLUTE
    ..\Drivers\STM32F1xx_HAL_Driver\Src\stm32f1xx_hal_gpio_ex.c 0x00000000   Number         0  stm32f1xx_hal_gpio_ex.o ABSOLUTE
    ..\Drivers\STM32F1xx_HAL_Driver\Src\stm32f1xx_hal_iwdg.c 0x00000000   Number         0  stm32f1xx_hal_iwdg.o ABSOLUTE
    ..\Drivers\STM32F1xx_HAL_Driver\Src\stm32f1xx_hal_pwr.c 0x00000000   Number         0  stm32f1xx_hal_pwr.o ABSOLUTE
    ..\Drivers\STM32F1xx_HAL_Driver\Src\stm32f1xx_hal_rcc.c 0x00000000   Number         0  stm32f1xx_hal_rcc.o ABSOLUTE
    ..\Drivers\STM32F1xx_HAL_Driver\Src\stm32f1xx_hal_rcc_ex.c 0x00000000   Number         0  stm32f1xx_hal_rcc_ex.o ABSOLUTE
    ..\Drivers\STM32F1xx_HAL_Driver\Src\stm32f1xx_hal_tim.c 0x00000000   Number         0  stm32f1xx_hal_tim.o ABSOLUTE
    ..\Drivers\STM32F1xx_HAL_Driver\Src\stm32f1xx_hal_tim_ex.c 0x00000000   Number         0  stm32f1xx_hal_tim_ex.o ABSOLUTE
    ..\Drivers\STM32F1xx_HAL_Driver\Src\stm32f1xx_hal_uart.c 0x00000000   Number         0  stm32f1xx_hal_uart.o ABSOLUTE
    ..\MyCode\MyADC.c                        0x00000000   Number         0  myadc.o ABSOLUTE
    ..\MyCode\MyGPIO.c                       0x00000000   Number         0  mygpio.o ABSOLUTE
    ..\MyCode\MyIT.c                         0x00000000   Number         0  myit.o ABSOLUTE
    ..\MyCode\MyIWDG.c                       0x00000000   Number         0  myiwdg.o ABSOLUTE
    ..\MyCode\MyUART.c                       0x00000000   Number         0  myuart.o ABSOLUTE
    ..\MyCode\event.c                        0x00000000   Number         0  event.o ABSOLUTE
    ..\MyCode\global_variable.c              0x00000000   Number         0  global_variable.o ABSOLUTE
    ..\MyCode\host.c                         0x00000000   Number         0  host.o ABSOLUTE
    ..\Src\adc.c                             0x00000000   Number         0  adc.o ABSOLUTE
    ..\Src\dma.c                             0x00000000   Number         0  dma.o ABSOLUTE
    ..\Src\gpio.c                            0x00000000   Number         0  gpio.o ABSOLUTE
    ..\Src\iwdg.c                            0x00000000   Number         0  iwdg.o ABSOLUTE
    ..\Src\main.c                            0x00000000   Number         0  main.o ABSOLUTE
    ..\Src\stm32f1xx_hal_msp.c               0x00000000   Number         0  stm32f1xx_hal_msp.o ABSOLUTE
    ..\Src\stm32f1xx_it.c                    0x00000000   Number         0  stm32f1xx_it.o ABSOLUTE
    ..\Src\system_stm32f1xx.c                0x00000000   Number         0  system_stm32f1xx.o ABSOLUTE
    ..\Src\usart.c                           0x00000000   Number         0  usart.o ABSOLUTE
    ..\\MyCode\\MyADC.c                      0x00000000   Number         0  myadc.o ABSOLUTE
    ..\\MyCode\\MyGPIO.c                     0x00000000   Number         0  mygpio.o ABSOLUTE
    ..\\MyCode\\MyIWDG.c                     0x00000000   Number         0  myiwdg.o ABSOLUTE
    ..\\MyCode\\MyUART.c                     0x00000000   Number         0  myuart.o ABSOLUTE
    ..\\MyCode\\event.c                      0x00000000   Number         0  event.o ABSOLUTE
    ..\\MyCode\\host.c                       0x00000000   Number         0  host.o ABSOLUTE
    cdrcmple.s                               0x00000000   Number         0  cdrcmple.o ABSOLUTE
    dc.s                                     0x00000000   Number         0  dc.o ABSOLUTE
    handlers.s                               0x00000000   Number         0  handlers.o ABSOLUTE
    init.s                                   0x00000000   Number         0  init.o ABSOLUTE
    startup_stm32f103xb.s                    0x00000000   Number         0  startup_stm32f103xb.o ABSOLUTE
    RESET                                    0x08000000   Section      236  startup_stm32f103xb.o(RESET)
    .ARM.Collect$$$$00000000                 0x080000ec   Section        0  entry.o(.ARM.Collect$$$$00000000)
    .ARM.Collect$$$$00000001                 0x080000ec   Section        4  entry2.o(.ARM.Collect$$$$00000001)
    .ARM.Collect$$$$00000004                 0x080000f0   Section        4  entry5.o(.ARM.Collect$$$$00000004)
    .ARM.Collect$$$$00000008                 0x080000f4   Section        0  entry7b.o(.ARM.Collect$$$$00000008)
    .ARM.Collect$$$$0000000A                 0x080000f4   Section        0  entry8b.o(.ARM.Collect$$$$0000000A)
    .ARM.Collect$$$$0000000B                 0x080000f4   Section        8  entry9a.o(.ARM.Collect$$$$0000000B)
    .ARM.Collect$$$$0000000D                 0x080000fc   Section        0  entry10a.o(.ARM.Collect$$$$0000000D)
    .ARM.Collect$$$$0000000F                 0x080000fc   Section        0  entry11a.o(.ARM.Collect$$$$0000000F)
    .ARM.Collect$$$$00002712                 0x080000fc   Section        4  entry2.o(.ARM.Collect$$$$00002712)
    __lit__00000000                          0x080000fc   Data           4  entry2.o(.ARM.Collect$$$$00002712)
    .text                                    0x08000100   Section       36  startup_stm32f103xb.o(.text)
    .text                                    0x08000124   Section        0  uidiv.o(.text)
    .text                                    0x08000150   Section       36  init.o(.text)
    i.ADC_ConversionStop_Disable             0x08000174   Section        0  stm32f1xx_hal_adc.o(i.ADC_ConversionStop_Disable)
    i.ADC_DMAConvCplt                        0x080001c6   Section        0  stm32f1xx_hal_adc.o(i.ADC_DMAConvCplt)
    i.ADC_DMAError                           0x08000218   Section        0  stm32f1xx_hal_adc.o(i.ADC_DMAError)
    i.ADC_DMAHalfConvCplt                    0x08000236   Section        0  stm32f1xx_hal_adc.o(i.ADC_DMAHalfConvCplt)
    i.ADC_Enable                             0x08000244   Section        0  stm32f1xx_hal_adc.o(i.ADC_Enable)
    i.BusFault_Handler                       0x080002c8   Section        0  stm32f1xx_it.o(i.BusFault_Handler)
    i.DMA1_Channel1_IRQHandler               0x080002cc   Section        0  stm32f1xx_it.o(i.DMA1_Channel1_IRQHandler)
    i.DMA1_Channel2_IRQHandler               0x080002dc   Section        0  stm32f1xx_it.o(i.DMA1_Channel2_IRQHandler)
    i.DMA1_Channel3_IRQHandler               0x080002ec   Section        0  stm32f1xx_it.o(i.DMA1_Channel3_IRQHandler)
    i.DMA1_Channel4_IRQHandler               0x080002fc   Section        0  stm32f1xx_it.o(i.DMA1_Channel4_IRQHandler)
    i.DMA1_Channel5_IRQHandler               0x0800030c   Section        0  stm32f1xx_it.o(i.DMA1_Channel5_IRQHandler)
    i.DMA1_Channel6_IRQHandler               0x0800031c   Section        0  stm32f1xx_it.o(i.DMA1_Channel6_IRQHandler)
    i.DMA1_Channel7_IRQHandler               0x0800032c   Section        0  stm32f1xx_it.o(i.DMA1_Channel7_IRQHandler)
    i.DMA_SetConfig                          0x0800033c   Section        0  stm32f1xx_hal_dma.o(i.DMA_SetConfig)
    DMA_SetConfig                            0x0800033d   Thumb Code    44  stm32f1xx_hal_dma.o(i.DMA_SetConfig)
    i.DebugMon_Handler                       0x08000368   Section        0  stm32f1xx_it.o(i.DebugMon_Handler)
    i.EXTI4_IRQHandler                       0x0800036c   Section        0  stm32f1xx_it.o(i.EXTI4_IRQHandler)
    i.EXTI9_5_IRQHandler                     0x08000380   Section        0  stm32f1xx_it.o(i.EXTI9_5_IRQHandler)
    i.HAL_ADCEx_Calibration_Start            0x08000394   Section        0  stm32f1xx_hal_adc_ex.o(i.HAL_ADCEx_Calibration_Start)
    i.HAL_ADC_ConfigChannel                  0x08000498   Section        0  stm32f1xx_hal_adc.o(i.HAL_ADC_ConfigChannel)
    i.HAL_ADC_ConvCpltCallback               0x080005f8   Section        0  stm32f1xx_hal_adc.o(i.HAL_ADC_ConvCpltCallback)
    i.HAL_ADC_ConvHalfCpltCallback           0x080005fa   Section        0  stm32f1xx_hal_adc.o(i.HAL_ADC_ConvHalfCpltCallback)
    i.HAL_ADC_ErrorCallback                  0x080005fc   Section        0  stm32f1xx_hal_adc.o(i.HAL_ADC_ErrorCallback)
    i.HAL_ADC_Init                           0x08000600   Section        0  stm32f1xx_hal_adc.o(i.HAL_ADC_Init)
    i.HAL_ADC_MspInit                        0x08000744   Section        0  adc.o(i.HAL_ADC_MspInit)
    i.HAL_ADC_Start_DMA                      0x080007f4   Section        0  stm32f1xx_hal_adc.o(i.HAL_ADC_Start_DMA)
    i.HAL_DMA_Abort                          0x08000974   Section        0  stm32f1xx_hal_dma.o(i.HAL_DMA_Abort)
    i.HAL_DMA_Abort_IT                       0x080009b0   Section        0  stm32f1xx_hal_dma.o(i.HAL_DMA_Abort_IT)
    i.HAL_DMA_IRQHandler                     0x08000a60   Section        0  stm32f1xx_hal_dma.o(i.HAL_DMA_IRQHandler)
    i.HAL_DMA_Init                           0x08000bfc   Section        0  stm32f1xx_hal_dma.o(i.HAL_DMA_Init)
    i.HAL_DMA_Start_IT                       0x08000c6c   Section        0  stm32f1xx_hal_dma.o(i.HAL_DMA_Start_IT)
    i.HAL_GPIO_EXTI_Callback                 0x08000d08   Section        0  stm32f1xx_hal_gpio.o(i.HAL_GPIO_EXTI_Callback)
    i.HAL_GPIO_EXTI_IRQHandler               0x08000d0c   Section        0  stm32f1xx_hal_gpio.o(i.HAL_GPIO_EXTI_IRQHandler)
    i.HAL_GPIO_Init                          0x08000d28   Section        0  stm32f1xx_hal_gpio.o(i.HAL_GPIO_Init)
    i.HAL_GPIO_ReadPin                       0x08001044   Section        0  stm32f1xx_hal_gpio.o(i.HAL_GPIO_ReadPin)
    i.HAL_GPIO_TogglePin                     0x08001054   Section        0  stm32f1xx_hal_gpio.o(i.HAL_GPIO_TogglePin)
    i.HAL_GPIO_WritePin                      0x0800105c   Section        0  stm32f1xx_hal_gpio.o(i.HAL_GPIO_WritePin)
    i.HAL_GetTick                            0x08001068   Section        0  stm32f1xx_hal.o(i.HAL_GetTick)
    i.HAL_IncTick                            0x08001074   Section        0  stm32f1xx_hal.o(i.HAL_IncTick)
    i.HAL_Init                               0x08001084   Section        0  stm32f1xx_hal.o(i.HAL_Init)
    i.HAL_InitTick                           0x080010ac   Section        0  stm32f1xx_hal.o(i.HAL_InitTick)
    i.HAL_MspInit                            0x080010d4   Section        0  stm32f1xx_hal_msp.o(i.HAL_MspInit)
    i.HAL_NVIC_EnableIRQ                     0x08001168   Section        0  stm32f1xx_hal_cortex.o(i.HAL_NVIC_EnableIRQ)
    i.HAL_NVIC_SetPriority                   0x08001182   Section        0  stm32f1xx_hal_cortex.o(i.HAL_NVIC_SetPriority)
    i.HAL_NVIC_SetPriorityGrouping           0x08001200   Section        0  stm32f1xx_hal_cortex.o(i.HAL_NVIC_SetPriorityGrouping)
    i.HAL_RCCEx_GetPeriphCLKFreq             0x08001228   Section        0  stm32f1xx_hal_rcc_ex.o(i.HAL_RCCEx_GetPeriphCLKFreq)
    i.HAL_RCCEx_PeriphCLKConfig              0x08001348   Section        0  stm32f1xx_hal_rcc_ex.o(i.HAL_RCCEx_PeriphCLKConfig)
    i.HAL_RCC_ClockConfig                    0x08001478   Section        0  stm32f1xx_hal_rcc.o(i.HAL_RCC_ClockConfig)
    i.HAL_RCC_GetHCLKFreq                    0x0800161c   Section        0  stm32f1xx_hal_rcc.o(i.HAL_RCC_GetHCLKFreq)
    i.HAL_RCC_GetPCLK1Freq                   0x08001628   Section        0  stm32f1xx_hal_rcc.o(i.HAL_RCC_GetPCLK1Freq)
    i.HAL_RCC_GetPCLK2Freq                   0x08001648   Section        0  stm32f1xx_hal_rcc.o(i.HAL_RCC_GetPCLK2Freq)
    i.HAL_RCC_GetSysClockFreq                0x08001668   Section        0  stm32f1xx_hal_rcc.o(i.HAL_RCC_GetSysClockFreq)
    i.HAL_RCC_OscConfig                      0x08001700   Section        0  stm32f1xx_hal_rcc.o(i.HAL_RCC_OscConfig)
    i.HAL_SYSTICK_CLKSourceConfig            0x08001b40   Section        0  stm32f1xx_hal_cortex.o(i.HAL_SYSTICK_CLKSourceConfig)
    i.HAL_SYSTICK_Callback                   0x08001b68   Section        0  stm32f1xx_hal_cortex.o(i.HAL_SYSTICK_Callback)
    i.HAL_SYSTICK_Config                     0x08001b6a   Section        0  stm32f1xx_hal_cortex.o(i.HAL_SYSTICK_Config)
    i.HAL_SYSTICK_IRQHandler                 0x08001b9e   Section        0  stm32f1xx_hal_cortex.o(i.HAL_SYSTICK_IRQHandler)
    i.HAL_UART_DMAStop                       0x08001ba6   Section        0  stm32f1xx_hal_uart.o(i.HAL_UART_DMAStop)
    i.HAL_UART_ErrorCallback                 0x08001c0c   Section        0  stm32f1xx_hal_uart.o(i.HAL_UART_ErrorCallback)
    i.HAL_UART_IRQHandler                    0x08001c10   Section        0  stm32f1xx_hal_uart.o(i.HAL_UART_IRQHandler)
    i.HAL_UART_Init                          0x08001d5c   Section        0  stm32f1xx_hal_uart.o(i.HAL_UART_Init)
    i.HAL_UART_MspInit                       0x08001dd0   Section        0  usart.o(i.HAL_UART_MspInit)
    i.HAL_UART_Receive_DMA                   0x08002088   Section        0  stm32f1xx_hal_uart.o(i.HAL_UART_Receive_DMA)
    i.HAL_UART_RxCpltCallback                0x0800214c   Section        0  stm32f1xx_hal_uart.o(i.HAL_UART_RxCpltCallback)
    i.HAL_UART_RxHalfCpltCallback            0x0800214e   Section        0  stm32f1xx_hal_uart.o(i.HAL_UART_RxHalfCpltCallback)
    i.HAL_UART_Transmit                      0x08002150   Section        0  stm32f1xx_hal_uart.o(i.HAL_UART_Transmit)
    i.HAL_UART_Transmit_DMA                  0x08002228   Section        0  stm32f1xx_hal_uart.o(i.HAL_UART_Transmit_DMA)
    i.HAL_UART_TxCpltCallback                0x080022c4   Section        0  stm32f1xx_hal_uart.o(i.HAL_UART_TxCpltCallback)
    i.HAL_UART_TxHalfCpltCallback            0x080022c6   Section        0  stm32f1xx_hal_uart.o(i.HAL_UART_TxHalfCpltCallback)
    i.HardFault_Handler                      0x080022c8   Section        0  stm32f1xx_it.o(i.HardFault_Handler)
    i.MX_ADC1_Init                           0x080022cc   Section        0  adc.o(i.MX_ADC1_Init)
    i.MX_DMA_Init                            0x080023f0   Section        0  dma.o(i.MX_DMA_Init)
    i.MX_GPIO_Init                           0x08002484   Section        0  gpio.o(i.MX_GPIO_Init)
    i.MX_USART1_UART_Init                    0x08002604   Section        0  usart.o(i.MX_USART1_UART_Init)
    i.MX_USART2_UART_Init                    0x08002650   Section        0  usart.o(i.MX_USART2_UART_Init)
    i.MX_USART3_UART_Init                    0x0800269c   Section        0  usart.o(i.MX_USART3_UART_Init)
    i.MemManage_Handler                      0x080026e8   Section        0  stm32f1xx_it.o(i.MemManage_Handler)
    i.NMI_Handler                            0x080026ec   Section        0  stm32f1xx_it.o(i.NMI_Handler)
    i.NVIC_GetPriorityGrouping               0x080026f0   Section        0  stm32f1xx_hal_cortex.o(i.NVIC_GetPriorityGrouping)
    NVIC_GetPriorityGrouping                 0x080026f1   Thumb Code    10  stm32f1xx_hal_cortex.o(i.NVIC_GetPriorityGrouping)
    i.NVIC_SetPriority                       0x08002700   Section        0  stm32f1xx_hal_cortex.o(i.NVIC_SetPriority)
    NVIC_SetPriority                         0x08002701   Thumb Code    32  stm32f1xx_hal_cortex.o(i.NVIC_SetPriority)
    i.PendSV_Handler                         0x08002728   Section        0  stm32f1xx_it.o(i.PendSV_Handler)
    i.RCC_Delay                              0x0800272c   Section        0  stm32f1xx_hal_rcc.o(i.RCC_Delay)
    RCC_Delay                                0x0800272d   Thumb Code    36  stm32f1xx_hal_rcc.o(i.RCC_Delay)
    i.ResetTest                              0x08002754   Section        0  host.o(i.ResetTest)
    i.SVC_Handler                            0x08002790   Section        0  stm32f1xx_it.o(i.SVC_Handler)
    i.SendBoardCMD                           0x08002794   Section        0  myuart.o(i.SendBoardCMD)
    i.SysTick_Handler                        0x080027f8   Section        0  stm32f1xx_it.o(i.SysTick_Handler)
    i.SystemClock_Config                     0x08002808   Section        0  main.o(i.SystemClock_Config)
    i.SystemInit                             0x080028b0   Section        0  system_stm32f1xx.o(i.SystemInit)
    i.Test18V                                0x08002908   Section        0  host.o(i.Test18V)
    i.Test3V3                                0x08002968   Section        0  host.o(i.Test3V3)
    i.TestCalibrate                          0x080029c8   Section        0  host.o(i.TestCalibrate)
    i.TestCommunation                        0x08002eec   Section        0  host.o(i.TestCommunation)
    i.TestComplete                           0x08002fbc   Section        0  host.o(i.TestComplete)
    i.TestH18V                               0x08002ff0   Section        0  host.o(i.TestH18V)
    i.TestI3V3                               0x080030bc   Section        0  host.o(i.TestI3V3)
    i.TestIgbtTemperature                    0x0800311c   Section        0  host.o(i.TestIgbtTemperature)
    i.TestIgbthDriver                        0x080031b0   Section        0  host.o(i.TestIgbthDriver)
    i.TestIgbtlDriver                        0x0800323c   Section        0  host.o(i.TestIgbtlDriver)
    i.TestOverCurrentProtect                 0x080032dc   Section        0  host.o(i.TestOverCurrentProtect)
    i.TestPanChecker                         0x08003410   Section        0  host.o(i.TestPanChecker)
    i.TestPowerCheck                         0x0800358c   Section        0  host.o(i.TestPowerCheck)
    i.TestProgram                            0x08003598   Section        0  host.o(i.TestProgram)
    i.TestShortCurrent                       0x08003748   Section        0  host.o(i.TestShortCurrent)
    i.TestStaticCurrentAD                    0x08003824   Section        0  host.o(i.TestStaticCurrentAD)
    i.TestStaticVlotageAD                    0x08003884   Section        0  host.o(i.TestStaticVlotageAD)
    i.TestSurge                              0x08003918   Section        0  host.o(i.TestSurge)
    i.TestTransformer                        0x08003978   Section        0  host.o(i.TestTransformer)
    i.TsetFan                                0x08003a10   Section        0  host.o(i.TsetFan)
    i.UART_DMAAbortOnError                   0x08003ac0   Section        0  stm32f1xx_hal_uart.o(i.UART_DMAAbortOnError)
    UART_DMAAbortOnError                     0x08003ac1   Thumb Code    20  stm32f1xx_hal_uart.o(i.UART_DMAAbortOnError)
    i.UART_DMAError                          0x08003ad4   Section        0  stm32f1xx_hal_uart.o(i.UART_DMAError)
    UART_DMAError                            0x08003ad5   Thumb Code    80  stm32f1xx_hal_uart.o(i.UART_DMAError)
    i.UART_DMAReceiveCplt                    0x08003b24   Section        0  stm32f1xx_hal_uart.o(i.UART_DMAReceiveCplt)
    UART_DMAReceiveCplt                      0x08003b25   Thumb Code    70  stm32f1xx_hal_uart.o(i.UART_DMAReceiveCplt)
    i.UART_DMARxHalfCplt                     0x08003b6a   Section        0  stm32f1xx_hal_uart.o(i.UART_DMARxHalfCplt)
    UART_DMARxHalfCplt                       0x08003b6b   Thumb Code    14  stm32f1xx_hal_uart.o(i.UART_DMARxHalfCplt)
    i.UART_DMATransmitCplt                   0x08003b78   Section        0  stm32f1xx_hal_uart.o(i.UART_DMATransmitCplt)
    UART_DMATransmitCplt                     0x08003b79   Thumb Code    54  stm32f1xx_hal_uart.o(i.UART_DMATransmitCplt)
    i.UART_DMATxHalfCplt                     0x08003bae   Section        0  stm32f1xx_hal_uart.o(i.UART_DMATxHalfCplt)
    UART_DMATxHalfCplt                       0x08003baf   Thumb Code    14  stm32f1xx_hal_uart.o(i.UART_DMATxHalfCplt)
    i.UART_EndRxTransfer                     0x08003bbc   Section        0  stm32f1xx_hal_uart.o(i.UART_EndRxTransfer)
    UART_EndRxTransfer                       0x08003bbd   Thumb Code    32  stm32f1xx_hal_uart.o(i.UART_EndRxTransfer)
    i.UART_EndTransmit_IT                    0x08003bdc   Section        0  stm32f1xx_hal_uart.o(i.UART_EndTransmit_IT)
    UART_EndTransmit_IT                      0x08003bdd   Thumb Code    32  stm32f1xx_hal_uart.o(i.UART_EndTransmit_IT)
    i.UART_EndTxTransfer                     0x08003bfc   Section        0  stm32f1xx_hal_uart.o(i.UART_EndTxTransfer)
    UART_EndTxTransfer                       0x08003bfd   Thumb Code    20  stm32f1xx_hal_uart.o(i.UART_EndTxTransfer)
    i.UART_Receive_IT                        0x08003c10   Section        0  stm32f1xx_hal_uart.o(i.UART_Receive_IT)
    UART_Receive_IT                          0x08003c11   Thumb Code   166  stm32f1xx_hal_uart.o(i.UART_Receive_IT)
    i.UART_SetConfig                         0x08003cb8   Section        0  stm32f1xx_hal_uart.o(i.UART_SetConfig)
    UART_SetConfig                           0x08003cb9   Thumb Code   450  stm32f1xx_hal_uart.o(i.UART_SetConfig)
    i.UART_Transmit_IT                       0x08003e80   Section        0  stm32f1xx_hal_uart.o(i.UART_Transmit_IT)
    UART_Transmit_IT                         0x08003e81   Thumb Code   104  stm32f1xx_hal_uart.o(i.UART_Transmit_IT)
    i.UART_WaitOnFlagUntilTimeout            0x08003ee8   Section        0  stm32f1xx_hal_uart.o(i.UART_WaitOnFlagUntilTimeout)
    UART_WaitOnFlagUntilTimeout              0x08003ee9   Thumb Code   108  stm32f1xx_hal_uart.o(i.UART_WaitOnFlagUntilTimeout)
    i.USART1_IRQHandler                      0x08003f54   Section        0  stm32f1xx_it.o(i.USART1_IRQHandler)
    i.USART2_IRQHandler                      0x08003f94   Section        0  stm32f1xx_it.o(i.USART2_IRQHandler)
    i.USART3_IRQHandler                      0x08003fd4   Section        0  stm32f1xx_it.o(i.USART3_IRQHandler)
    i.Uart1HMIReceive                        0x08003fe4   Section        0  myuart.o(i.Uart1HMIReceive)
    i.Uart1HMISend                           0x08004058   Section        0  myuart.o(i.Uart1HMISend)
    i.Uart1SendBar                           0x08004098   Section        0  myuart.o(i.Uart1SendBar)
    i.Uart1SendError                         0x08004108   Section        0  myuart.o(i.Uart1SendError)
    i.Uart2BoardReceive                      0x080044ec   Section        0  myuart.o(i.Uart2BoardReceive)
    i.Uart2BoardSend                         0x080045b8   Section        0  myuart.o(i.Uart2BoardSend)
    i.UsageFault_Handler                     0x080045d8   Section        0  stm32f1xx_it.o(i.UsageFault_Handler)
    i._Error_Handler                         0x080045dc   Section        0  main.o(i._Error_Handler)
    i.__0printf$1                            0x080045e0   Section        0  printf1.o(i.__0printf$1)
    i.__scatterload_copy                     0x08004600   Section       14  handlers.o(i.__scatterload_copy)
    i.__scatterload_null                     0x0800460e   Section        2  handlers.o(i.__scatterload_null)
    i.__scatterload_zeroinit                 0x08004610   Section       14  handlers.o(i.__scatterload_zeroinit)
    i._printf_core                           0x08004620   Section        0  printf1.o(i._printf_core)
    _printf_core                             0x08004621   Thumb Code   336  printf1.o(i._printf_core)
    i.beeper_control                         0x08004774   Section        0  mygpio.o(i.beeper_control)
    i.fputc                                  0x08004834   Section        0  main.o(i.fputc)
    i.led_fail_control                       0x08004850   Section        0  mygpio.o(i.led_fail_control)
    i.led_pass_control                       0x080048e0   Section        0  mygpio.o(i.led_pass_control)
    i.main                                   0x08004970   Section        0  main.o(i.main)
    i.task0_AdSample                         0x08004a48   Section        0  myadc.o(i.task0_AdSample)
    i.task1_TestHandle                       0x08004c44   Section        0  host.o(i.task1_TestHandle)
    i.task2_Uart3Debug                       0x08004d78   Section        0  myuart.o(i.task2_Uart3Debug)
    i.task3_Uart2Comm                        0x08004d88   Section        0  myuart.o(i.task3_Uart2Comm)
    i.task4_Uart1HMI                         0x08004dc4   Section        0  myuart.o(i.task4_Uart1HMI)
    i.task5_PeripheralControl                0x08004e00   Section        0  mygpio.o(i.task5_PeripheralControl)
    i.task6_FeedDog                          0x08004e1c   Section        0  myiwdg.o(i.task6_FeedDog)
    i.task_countdown                         0x08004e28   Section        0  event.o(i.task_countdown)
    i.task_scheduler                         0x08004e60   Section        0  event.o(i.task_scheduler)
    .constdata                               0x08004ebc   Section       24  system_stm32f1xx.o(.constdata)
    .constdata                               0x08004ed4   Section      599  myuart.o(.constdata)
    .data                                    0x20000000   Section        4  system_stm32f1xx.o(.data)
    .data                                    0x20000004   Section       29  event.o(.data)
    ptask                                    0x20000004   Data          28  event.o(.data)
    schedule_step                            0x20000020   Data           1  event.o(.data)
    .data                                    0x20000022   Section       16  global_variable.o(.data)
    .data                                    0x20000034   Section       56  host.o(.data)
    test_order                               0x20000034   Data           1  host.o(.data)
    ShortCurrentCounter                      0x20000035   Data           1  host.o(.data)
    ProgramCounter                           0x20000036   Data           2  host.o(.data)
    ProgramStep                              0x20000038   Data           1  host.o(.data)
    H18VCounter                              0x20000039   Data           1  host.o(.data)
    H18VStep                                 0x2000003a   Data           1  host.o(.data)
    TransformerCounter                       0x2000003b   Data           1  host.o(.data)
    CommunationCounter                       0x2000003c   Data           2  host.o(.data)
    SucessCounter                            0x2000003e   Data           1  host.o(.data)
    FanCounter                               0x20000040   Data           2  host.o(.data)
    CurrentProtectCounter                    0x20000042   Data           2  host.o(.data)
    CurrentProtectStep                       0x20000044   Data           1  host.o(.data)
    PanCheckerCounter                        0x20000046   Data           2  host.o(.data)
    PanCheckerStep                           0x20000048   Data           1  host.o(.data)
    CalibrateCounter                         0x2000004a   Data           2  host.o(.data)
    CalibrateStep                            0x2000004c   Data           1  host.o(.data)
    current1                                 0x20000050   Data           4  host.o(.data)
    current2                                 0x20000054   Data           4  host.o(.data)
    current1_ad                              0x20000058   Data           4  host.o(.data)
    current2_ad                              0x2000005c   Data           4  host.o(.data)
    current_delta                            0x20000060   Data           4  host.o(.data)
    current_fact                             0x20000064   Data           4  host.o(.data)
    current_base                             0x20000068   Data           4  host.o(.data)
    .data                                    0x2000006c   Section        2  myadc.o(.data)
    pointer_adc                              0x2000006c   Data           1  myadc.o(.data)
    counter_adc                              0x2000006d   Data           1  myadc.o(.data)
    .data                                    0x2000006e   Section        8  mygpio.o(.data)
    beeper_data                              0x2000006e   Data           1  mygpio.o(.data)
    beeper_counter                           0x2000006f   Data           1  mygpio.o(.data)
    beeper_delay                             0x20000070   Data           1  mygpio.o(.data)
    beeper_state                             0x20000071   Data           1  mygpio.o(.data)
    led_pass_state                           0x20000072   Data           1  mygpio.o(.data)
    led_pass_temp                            0x20000073   Data           1  mygpio.o(.data)
    led_fail_state                           0x20000074   Data           1  mygpio.o(.data)
    led_fail_temp                            0x20000075   Data           1  mygpio.o(.data)
    .data                                    0x20000076   Section       26  myuart.o(.data)
    HMIRx                                    0x20000076   Data           6  myuart.o(.data)
    Board_send_receive_chance                0x2000007c   Data           1  myuart.o(.data)
    HMI_send_receive_chance                  0x2000007d   Data           1  myuart.o(.data)
    counter_com                              0x2000007e   Data           1  myuart.o(.data)
    send_chance                              0x2000007f   Data           1  myuart.o(.data)
    Bar                                      0x20000080   Data          16  myuart.o(.data)
    .data                                    0x20000090   Section        4  stm32f1xx_hal.o(.data)
    .data                                    0x20000094   Section        4  stdout.o(.data)
    .bss                                     0x20000098   Section       14  event.o(.bss)
    .bss                                     0x200000a8   Section      204  global_variable.o(.bss)
    .bss                                     0x20000174   Section      332  myadc.o(.bss)
    filter_current                           0x20000174   Data         100  myadc.o(.bss)
    filter_voltage                           0x200001d8   Data         100  myadc.o(.bss)
    filter_surge                             0x2000023c   Data         100  myadc.o(.bss)
    ADCfilter                                0x200002a0   Data          32  myadc.o(.bss)
    .bss                                     0x200002c0   Section      252  myuart.o(.bss)
    BoardRx                                  0x2000033f   Data          50  myuart.o(.bss)
    BoardTx                                  0x20000371   Data          10  myuart.o(.bss)
    BarArray                                 0x2000037b   Data          25  myuart.o(.bss)
    ErrorArray                               0x20000394   Data          40  myuart.o(.bss)
    .bss                                     0x200003bc   Section      116  adc.o(.bss)
    .bss                                     0x20000430   Section      600  usart.o(.bss)
    STACK                                    0x20000688   Section     1024  startup_stm32f103xb.o(STACK)

    Global Symbols

    Symbol Name                              Value     Ov Type        Size  Object(Section)

    BuildAttributes$$THM_ISAv4$P$D$K$B$S$PE$A:L22UL41UL21$X:L11$S22US41US21$IEEE1$IW$USESV6$~STKCKD$USESV7$~SHL$OSPACE$ROPI$EBA8$MICROLIB$REQ8$PRES8$EABIv2 0x00000000   Number         0  anon$$obj.o ABSOLUTE
    __ARM_use_no_argv                        0x00000000   Number         0  main.o ABSOLUTE
    _printf_a                                0x00000000   Number         0  stubs.o ABSOLUTE
    _printf_c                                0x00000000   Number         0  stubs.o ABSOLUTE
    _printf_charcount                        0x00000000   Number         0  stubs.o ABSOLUTE
    _printf_d                                0x00000000   Number         0  stubs.o ABSOLUTE
    _printf_e                                0x00000000   Number         0  stubs.o ABSOLUTE
    _printf_f                                0x00000000   Number         0  stubs.o ABSOLUTE
    _printf_flags                            0x00000000   Number         0  stubs.o ABSOLUTE
    _printf_fp_dec                           0x00000000   Number         0  stubs.o ABSOLUTE
    _printf_fp_hex                           0x00000000   Number         0  stubs.o ABSOLUTE
    _printf_g                                0x00000000   Number         0  stubs.o ABSOLUTE
    _printf_i                                0x00000000   Number         0  stubs.o ABSOLUTE
    _printf_int_dec                          0x00000000   Number         0  stubs.o ABSOLUTE
    _printf_l                                0x00000000   Number         0  stubs.o ABSOLUTE
    _printf_lc                               0x00000000   Number         0  stubs.o ABSOLUTE
    _printf_ll                               0x00000000   Number         0  stubs.o ABSOLUTE
    _printf_lld                              0x00000000   Number         0  stubs.o ABSOLUTE
    _printf_lli                              0x00000000   Number         0  stubs.o ABSOLUTE
    _printf_llo                              0x00000000   Number         0  stubs.o ABSOLUTE
    _printf_llu                              0x00000000   Number         0  stubs.o ABSOLUTE
    _printf_llx                              0x00000000   Number         0  stubs.o ABSOLUTE
    _printf_longlong_dec                     0x00000000   Number         0  stubs.o ABSOLUTE
    _printf_longlong_hex                     0x00000000   Number         0  stubs.o ABSOLUTE
    _printf_longlong_oct                     0x00000000   Number         0  stubs.o ABSOLUTE
    _printf_ls                               0x00000000   Number         0  stubs.o ABSOLUTE
    _printf_mbtowc                           0x00000000   Number         0  stubs.o ABSOLUTE
    _printf_n                                0x00000000   Number         0  stubs.o ABSOLUTE
    _printf_o                                0x00000000   Number         0  stubs.o ABSOLUTE
    _printf_p                                0x00000000   Number         0  stubs.o ABSOLUTE
    _printf_percent                          0x00000000   Number         0  stubs.o ABSOLUTE
    _printf_pre_padding                      0x00000000   Number         0  stubs.o ABSOLUTE
    _printf_return_value                     0x00000000   Number         0  stubs.o ABSOLUTE
    _printf_s                                0x00000000   Number         0  stubs.o ABSOLUTE
    _printf_sizespec                         0x00000000   Number         0  stubs.o ABSOLUTE
    _printf_str                              0x00000000   Number         0  stubs.o ABSOLUTE
    _printf_truncate_signed                  0x00000000   Number         0  stubs.o ABSOLUTE
    _printf_truncate_unsigned                0x00000000   Number         0  stubs.o ABSOLUTE
    _printf_u                                0x00000000   Number         0  stubs.o ABSOLUTE
    _printf_wc                               0x00000000   Number         0  stubs.o ABSOLUTE
    _printf_wctomb                           0x00000000   Number         0  stubs.o ABSOLUTE
    _printf_widthprec                        0x00000000   Number         0  stubs.o ABSOLUTE
    _printf_x                                0x00000000   Number         0  stubs.o ABSOLUTE
    __cpp_initialize__aeabi_                  - Undefined Weak Reference
    __cxa_finalize                            - Undefined Weak Reference
    __decompress                              - Undefined Weak Reference
    _clock_init                               - Undefined Weak Reference
    _microlib_exit                            - Undefined Weak Reference
    __Vectors_Size                           0x000000ec   Number         0  startup_stm32f103xb.o ABSOLUTE
    __Vectors                                0x08000000   Data           4  startup_stm32f103xb.o(RESET)
    __Vectors_End                            0x080000ec   Data           0  startup_stm32f103xb.o(RESET)
    __main                                   0x080000ed   Thumb Code     0  entry.o(.ARM.Collect$$$$00000000)
    _main_stk                                0x080000ed   Thumb Code     0  entry2.o(.ARM.Collect$$$$00000001)
    _main_scatterload                        0x080000f1   Thumb Code     0  entry5.o(.ARM.Collect$$$$00000004)
    __main_after_scatterload                 0x080000f5   Thumb Code     0  entry5.o(.ARM.Collect$$$$00000004)
    _main_clock                              0x080000f5   Thumb Code     0  entry7b.o(.ARM.Collect$$$$00000008)
    _main_cpp_init                           0x080000f5   Thumb Code     0  entry8b.o(.ARM.Collect$$$$0000000A)
    _main_init                               0x080000f5   Thumb Code     0  entry9a.o(.ARM.Collect$$$$0000000B)
    __rt_final_cpp                           0x080000fd   Thumb Code     0  entry10a.o(.ARM.Collect$$$$0000000D)
    __rt_final_exit                          0x080000fd   Thumb Code     0  entry11a.o(.ARM.Collect$$$$0000000F)
    Reset_Handler                            0x08000101   Thumb Code     8  startup_stm32f103xb.o(.text)
    ADC1_2_IRQHandler                        0x0800011b   Thumb Code     0  startup_stm32f103xb.o(.text)
    CAN1_RX1_IRQHandler                      0x0800011b   Thumb Code     0  startup_stm32f103xb.o(.text)
    CAN1_SCE_IRQHandler                      0x0800011b   Thumb Code     0  startup_stm32f103xb.o(.text)
    EXTI0_IRQHandler                         0x0800011b   Thumb Code     0  startup_stm32f103xb.o(.text)
    EXTI15_10_IRQHandler                     0x0800011b   Thumb Code     0  startup_stm32f103xb.o(.text)
    EXTI1_IRQHandler                         0x0800011b   Thumb Code     0  startup_stm32f103xb.o(.text)
    EXTI2_IRQHandler                         0x0800011b   Thumb Code     0  startup_stm32f103xb.o(.text)
    EXTI3_IRQHandler                         0x0800011b   Thumb Code     0  startup_stm32f103xb.o(.text)
    FLASH_IRQHandler                         0x0800011b   Thumb Code     0  startup_stm32f103xb.o(.text)
    I2C1_ER_IRQHandler                       0x0800011b   Thumb Code     0  startup_stm32f103xb.o(.text)
    I2C1_EV_IRQHandler                       0x0800011b   Thumb Code     0  startup_stm32f103xb.o(.text)
    I2C2_ER_IRQHandler                       0x0800011b   Thumb Code     0  startup_stm32f103xb.o(.text)
    I2C2_EV_IRQHandler                       0x0800011b   Thumb Code     0  startup_stm32f103xb.o(.text)
    PVD_IRQHandler                           0x0800011b   Thumb Code     0  startup_stm32f103xb.o(.text)
    RCC_IRQHandler                           0x0800011b   Thumb Code     0  startup_stm32f103xb.o(.text)
    RTC_Alarm_IRQHandler                     0x0800011b   Thumb Code     0  startup_stm32f103xb.o(.text)
    RTC_IRQHandler                           0x0800011b   Thumb Code     0  startup_stm32f103xb.o(.text)
    SPI1_IRQHandler                          0x0800011b   Thumb Code     0  startup_stm32f103xb.o(.text)
    SPI2_IRQHandler                          0x0800011b   Thumb Code     0  startup_stm32f103xb.o(.text)
    TAMPER_IRQHandler                        0x0800011b   Thumb Code     0  startup_stm32f103xb.o(.text)
    TIM1_BRK_IRQHandler                      0x0800011b   Thumb Code     0  startup_stm32f103xb.o(.text)
    TIM1_CC_IRQHandler                       0x0800011b   Thumb Code     0  startup_stm32f103xb.o(.text)
    TIM1_TRG_COM_IRQHandler                  0x0800011b   Thumb Code     0  startup_stm32f103xb.o(.text)
    TIM1_UP_IRQHandler                       0x0800011b   Thumb Code     0  startup_stm32f103xb.o(.text)
    TIM2_IRQHandler                          0x0800011b   Thumb Code     0  startup_stm32f103xb.o(.text)
    TIM3_IRQHandler                          0x0800011b   Thumb Code     0  startup_stm32f103xb.o(.text)
    TIM4_IRQHandler                          0x0800011b   Thumb Code     0  startup_stm32f103xb.o(.text)
    USBWakeUp_IRQHandler                     0x0800011b   Thumb Code     0  startup_stm32f103xb.o(.text)
    USB_HP_CAN1_TX_IRQHandler                0x0800011b   Thumb Code     0  startup_stm32f103xb.o(.text)
    USB_LP_CAN1_RX0_IRQHandler               0x0800011b   Thumb Code     0  startup_stm32f103xb.o(.text)
    WWDG_IRQHandler                          0x0800011b   Thumb Code     0  startup_stm32f103xb.o(.text)
    __aeabi_uidiv                            0x08000125   Thumb Code     0  uidiv.o(.text)
    __aeabi_uidivmod                         0x08000125   Thumb Code    44  uidiv.o(.text)
    __scatterload                            0x08000151   Thumb Code    28  init.o(.text)
    __scatterload_rt2                        0x08000151   Thumb Code     0  init.o(.text)
    ADC_ConversionStop_Disable               0x08000175   Thumb Code    82  stm32f1xx_hal_adc.o(i.ADC_ConversionStop_Disable)
    ADC_DMAConvCplt                          0x080001c7   Thumb Code    82  stm32f1xx_hal_adc.o(i.ADC_DMAConvCplt)
    ADC_DMAError                             0x08000219   Thumb Code    30  stm32f1xx_hal_adc.o(i.ADC_DMAError)
    ADC_DMAHalfConvCplt                      0x08000237   Thumb Code    14  stm32f1xx_hal_adc.o(i.ADC_DMAHalfConvCplt)
    ADC_Enable                               0x08000245   Thumb Code   122  stm32f1xx_hal_adc.o(i.ADC_Enable)
    BusFault_Handler                         0x080002c9   Thumb Code     4  stm32f1xx_it.o(i.BusFault_Handler)
    DMA1_Channel1_IRQHandler                 0x080002cd   Thumb Code    10  stm32f1xx_it.o(i.DMA1_Channel1_IRQHandler)
    DMA1_Channel2_IRQHandler                 0x080002dd   Thumb Code    10  stm32f1xx_it.o(i.DMA1_Channel2_IRQHandler)
    DMA1_Channel3_IRQHandler                 0x080002ed   Thumb Code    10  stm32f1xx_it.o(i.DMA1_Channel3_IRQHandler)
    DMA1_Channel4_IRQHandler                 0x080002fd   Thumb Code    10  stm32f1xx_it.o(i.DMA1_Channel4_IRQHandler)
    DMA1_Channel5_IRQHandler                 0x0800030d   Thumb Code    10  stm32f1xx_it.o(i.DMA1_Channel5_IRQHandler)
    DMA1_Channel6_IRQHandler                 0x0800031d   Thumb Code    10  stm32f1xx_it.o(i.DMA1_Channel6_IRQHandler)
    DMA1_Channel7_IRQHandler                 0x0800032d   Thumb Code    10  stm32f1xx_it.o(i.DMA1_Channel7_IRQHandler)
    DebugMon_Handler                         0x08000369   Thumb Code     2  stm32f1xx_it.o(i.DebugMon_Handler)
    EXTI4_IRQHandler                         0x0800036d   Thumb Code    16  stm32f1xx_it.o(i.EXTI4_IRQHandler)
    EXTI9_5_IRQHandler                       0x08000381   Thumb Code    16  stm32f1xx_it.o(i.EXTI9_5_IRQHandler)
    HAL_ADCEx_Calibration_Start              0x08000395   Thumb Code   256  stm32f1xx_hal_adc_ex.o(i.HAL_ADCEx_Calibration_Start)
    HAL_ADC_ConfigChannel                    0x08000499   Thumb Code   338  stm32f1xx_hal_adc.o(i.HAL_ADC_ConfigChannel)
    HAL_ADC_ConvCpltCallback                 0x080005f9   Thumb Code     2  stm32f1xx_hal_adc.o(i.HAL_ADC_ConvCpltCallback)
    HAL_ADC_ConvHalfCpltCallback             0x080005fb   Thumb Code     2  stm32f1xx_hal_adc.o(i.HAL_ADC_ConvHalfCpltCallback)
    HAL_ADC_ErrorCallback                    0x080005fd   Thumb Code     2  stm32f1xx_hal_adc.o(i.HAL_ADC_ErrorCallback)
    HAL_ADC_Init                             0x08000601   Thumb Code   314  stm32f1xx_hal_adc.o(i.HAL_ADC_Init)
    HAL_ADC_MspInit                          0x08000745   Thumb Code   136  adc.o(i.HAL_ADC_MspInit)
    HAL_ADC_Start_DMA                        0x080007f5   Thumb Code   362  stm32f1xx_hal_adc.o(i.HAL_ADC_Start_DMA)
    HAL_DMA_Abort                            0x08000975   Thumb Code    58  stm32f1xx_hal_dma.o(i.HAL_DMA_Abort)
    HAL_DMA_Abort_IT                         0x080009b1   Thumb Code   172  stm32f1xx_hal_dma.o(i.HAL_DMA_Abort_IT)
    HAL_DMA_IRQHandler                       0x08000a61   Thumb Code   408  stm32f1xx_hal_dma.o(i.HAL_DMA_IRQHandler)
    HAL_DMA_Init                             0x08000bfd   Thumb Code   108  stm32f1xx_hal_dma.o(i.HAL_DMA_Init)
    HAL_DMA_Start_IT                         0x08000c6d   Thumb Code   156  stm32f1xx_hal_dma.o(i.HAL_DMA_Start_IT)
    HAL_GPIO_EXTI_Callback                   0x08000d09   Thumb Code     2  stm32f1xx_hal_gpio.o(i.HAL_GPIO_EXTI_Callback)
    HAL_GPIO_EXTI_IRQHandler                 0x08000d0d   Thumb Code    24  stm32f1xx_hal_gpio.o(i.HAL_GPIO_EXTI_IRQHandler)
    HAL_GPIO_Init                            0x08000d29   Thumb Code   764  stm32f1xx_hal_gpio.o(i.HAL_GPIO_Init)
    HAL_GPIO_ReadPin                         0x08001045   Thumb Code    16  stm32f1xx_hal_gpio.o(i.HAL_GPIO_ReadPin)
    HAL_GPIO_TogglePin                       0x08001055   Thumb Code     8  stm32f1xx_hal_gpio.o(i.HAL_GPIO_TogglePin)
    HAL_GPIO_WritePin                        0x0800105d   Thumb Code    12  stm32f1xx_hal_gpio.o(i.HAL_GPIO_WritePin)
    HAL_GetTick                              0x08001069   Thumb Code     6  stm32f1xx_hal.o(i.HAL_GetTick)
    HAL_IncTick                              0x08001075   Thumb Code    12  stm32f1xx_hal.o(i.HAL_IncTick)
    HAL_Init                                 0x08001085   Thumb Code    34  stm32f1xx_hal.o(i.HAL_Init)
    HAL_InitTick                             0x080010ad   Thumb Code    36  stm32f1xx_hal.o(i.HAL_InitTick)
    HAL_MspInit                              0x080010d5   Thumb Code   140  stm32f1xx_hal_msp.o(i.HAL_MspInit)
    HAL_NVIC_EnableIRQ                       0x08001169   Thumb Code    26  stm32f1xx_hal_cortex.o(i.HAL_NVIC_EnableIRQ)
    HAL_NVIC_SetPriority                     0x08001183   Thumb Code   124  stm32f1xx_hal_cortex.o(i.HAL_NVIC_SetPriority)
    HAL_NVIC_SetPriorityGrouping             0x08001201   Thumb Code    32  stm32f1xx_hal_cortex.o(i.HAL_NVIC_SetPriorityGrouping)
    HAL_RCCEx_GetPeriphCLKFreq               0x08001229   Thumb Code   254  stm32f1xx_hal_rcc_ex.o(i.HAL_RCCEx_GetPeriphCLKFreq)
    HAL_RCCEx_PeriphCLKConfig                0x08001349   Thumb Code   290  stm32f1xx_hal_rcc_ex.o(i.HAL_RCCEx_PeriphCLKConfig)
    HAL_RCC_ClockConfig                      0x08001479   Thumb Code   402  stm32f1xx_hal_rcc.o(i.HAL_RCC_ClockConfig)
    HAL_RCC_GetHCLKFreq                      0x0800161d   Thumb Code     6  stm32f1xx_hal_rcc.o(i.HAL_RCC_GetHCLKFreq)
    HAL_RCC_GetPCLK1Freq                     0x08001629   Thumb Code    22  stm32f1xx_hal_rcc.o(i.HAL_RCC_GetPCLK1Freq)
    HAL_RCC_GetPCLK2Freq                     0x08001649   Thumb Code    22  stm32f1xx_hal_rcc.o(i.HAL_RCC_GetPCLK2Freq)
    HAL_RCC_GetSysClockFreq                  0x08001669   Thumb Code   118  stm32f1xx_hal_rcc.o(i.HAL_RCC_GetSysClockFreq)
    HAL_RCC_OscConfig                        0x08001701   Thumb Code  1078  stm32f1xx_hal_rcc.o(i.HAL_RCC_OscConfig)
    HAL_SYSTICK_CLKSourceConfig              0x08001b41   Thumb Code    40  stm32f1xx_hal_cortex.o(i.HAL_SYSTICK_CLKSourceConfig)
    HAL_SYSTICK_Callback                     0x08001b69   Thumb Code     2  stm32f1xx_hal_cortex.o(i.HAL_SYSTICK_Callback)
    HAL_SYSTICK_Config                       0x08001b6b   Thumb Code    52  stm32f1xx_hal_cortex.o(i.HAL_SYSTICK_Config)
    HAL_SYSTICK_IRQHandler                   0x08001b9f   Thumb Code     8  stm32f1xx_hal_cortex.o(i.HAL_SYSTICK_IRQHandler)
    HAL_UART_DMAStop                         0x08001ba7   Thumb Code   102  stm32f1xx_hal_uart.o(i.HAL_UART_DMAStop)
    HAL_UART_ErrorCallback                   0x08001c0d   Thumb Code     2  stm32f1xx_hal_uart.o(i.HAL_UART_ErrorCallback)
    HAL_UART_IRQHandler                      0x08001c11   Thumb Code   326  stm32f1xx_hal_uart.o(i.HAL_UART_IRQHandler)
    HAL_UART_Init                            0x08001d5d   Thumb Code   114  stm32f1xx_hal_uart.o(i.HAL_UART_Init)
    HAL_UART_MspInit                         0x08001dd1   Thumb Code   626  usart.o(i.HAL_UART_MspInit)
    HAL_UART_Receive_DMA                     0x08002089   Thumb Code   182  stm32f1xx_hal_uart.o(i.HAL_UART_Receive_DMA)
    HAL_UART_RxCpltCallback                  0x0800214d   Thumb Code     2  stm32f1xx_hal_uart.o(i.HAL_UART_RxCpltCallback)
    HAL_UART_RxHalfCpltCallback              0x0800214f   Thumb Code     2  stm32f1xx_hal_uart.o(i.HAL_UART_RxHalfCpltCallback)
    HAL_UART_Transmit                        0x08002151   Thumb Code   214  stm32f1xx_hal_uart.o(i.HAL_UART_Transmit)
    HAL_UART_Transmit_DMA                    0x08002229   Thumb Code   142  stm32f1xx_hal_uart.o(i.HAL_UART_Transmit_DMA)
    HAL_UART_TxCpltCallback                  0x080022c5   Thumb Code     2  stm32f1xx_hal_uart.o(i.HAL_UART_TxCpltCallback)
    HAL_UART_TxHalfCpltCallback              0x080022c7   Thumb Code     2  stm32f1xx_hal_uart.o(i.HAL_UART_TxHalfCpltCallback)
    HardFault_Handler                        0x080022c9   Thumb Code     4  stm32f1xx_it.o(i.HardFault_Handler)
    MX_ADC1_Init                             0x080022cd   Thumb Code   266  adc.o(i.MX_ADC1_Init)
    MX_DMA_Init                              0x080023f1   Thumb Code   144  dma.o(i.MX_DMA_Init)
    MX_GPIO_Init                             0x08002485   Thumb Code   354  gpio.o(i.MX_GPIO_Init)
    MX_USART1_UART_Init                      0x08002605   Thumb Code    50  usart.o(i.MX_USART1_UART_Init)
    MX_USART2_UART_Init                      0x08002651   Thumb Code    50  usart.o(i.MX_USART2_UART_Init)
    MX_USART3_UART_Init                      0x0800269d   Thumb Code    50  usart.o(i.MX_USART3_UART_Init)
    MemManage_Handler                        0x080026e9   Thumb Code     4  stm32f1xx_it.o(i.MemManage_Handler)
    NMI_Handler                              0x080026ed   Thumb Code     2  stm32f1xx_it.o(i.NMI_Handler)
    PendSV_Handler                           0x08002729   Thumb Code     2  stm32f1xx_it.o(i.PendSV_Handler)
    ResetTest                                0x08002755   Thumb Code    48  host.o(i.ResetTest)
    SVC_Handler                              0x08002791   Thumb Code     2  stm32f1xx_it.o(i.SVC_Handler)
    SendBoardCMD                             0x08002795   Thumb Code    88  myuart.o(i.SendBoardCMD)
    SysTick_Handler                          0x080027f9   Thumb Code    16  stm32f1xx_it.o(i.SysTick_Handler)
    SystemClock_Config                       0x08002809   Thumb Code   152  main.o(i.SystemClock_Config)
    SystemInit                               0x080028b1   Thumb Code    70  system_stm32f1xx.o(i.SystemInit)
    Test18V                                  0x08002909   Thumb Code    66  host.o(i.Test18V)
    Test3V3                                  0x08002969   Thumb Code    66  host.o(i.Test3V3)
    TestCalibrate                            0x080029c9   Thumb Code  1258  host.o(i.TestCalibrate)
    TestCommunation                          0x08002eed   Thumb Code   154  host.o(i.TestCommunation)
    TestComplete                             0x08002fbd   Thumb Code    40  host.o(i.TestComplete)
    TestH18V                                 0x08002ff1   Thumb Code   144  host.o(i.TestH18V)
    TestI3V3                                 0x080030bd   Thumb Code    66  host.o(i.TestI3V3)
    TestIgbtTemperature                      0x0800311d   Thumb Code    92  host.o(i.TestIgbtTemperature)
    TestIgbthDriver                          0x080031b1   Thumb Code    74  host.o(i.TestIgbthDriver)
    TestIgbtlDriver                          0x0800323d   Thumb Code    92  host.o(i.TestIgbtlDriver)
    TestOverCurrentProtect                   0x080032dd   Thumb Code   226  host.o(i.TestOverCurrentProtect)
    TestPanChecker                           0x08003411   Thumb Code   300  host.o(i.TestPanChecker)
    TestPowerCheck                           0x0800358d   Thumb Code     8  host.o(i.TestPowerCheck)
    TestProgram                              0x08003599   Thumb Code   360  host.o(i.TestProgram)
    TestShortCurrent                         0x08003749   Thumb Code   174  host.o(i.TestShortCurrent)
    TestStaticCurrentAD                      0x08003825   Thumb Code    60  host.o(i.TestStaticCurrentAD)
    TestStaticVlotageAD                      0x08003885   Thumb Code    88  host.o(i.TestStaticVlotageAD)
    TestSurge                                0x08003919   Thumb Code    66  host.o(i.TestSurge)
    TestTransformer                          0x08003979   Thumb Code   108  host.o(i.TestTransformer)
    TsetFan                                  0x08003a11   Thumb Code   114  host.o(i.TsetFan)
    USART1_IRQHandler                        0x08003f55   Thumb Code    54  stm32f1xx_it.o(i.USART1_IRQHandler)
    USART2_IRQHandler                        0x08003f95   Thumb Code    54  stm32f1xx_it.o(i.USART2_IRQHandler)
    USART3_IRQHandler                        0x08003fd5   Thumb Code    10  stm32f1xx_it.o(i.USART3_IRQHandler)
    Uart1HMIReceive                          0x08003fe5   Thumb Code    94  myuart.o(i.Uart1HMIReceive)
    Uart1HMISend                             0x08004059   Thumb Code    54  myuart.o(i.Uart1HMISend)
    Uart1SendBar                             0x08004099   Thumb Code    98  myuart.o(i.Uart1SendBar)
    Uart1SendError                           0x08004109   Thumb Code   902  myuart.o(i.Uart1SendError)
    Uart2BoardReceive                        0x080044ed   Thumb Code   174  myuart.o(i.Uart2BoardReceive)
    Uart2BoardSend                           0x080045b9   Thumb Code    28  myuart.o(i.Uart2BoardSend)
    UsageFault_Handler                       0x080045d9   Thumb Code     4  stm32f1xx_it.o(i.UsageFault_Handler)
    _Error_Handler                           0x080045dd   Thumb Code     4  main.o(i._Error_Handler)
    __0printf$1                              0x080045e1   Thumb Code    22  printf1.o(i.__0printf$1)
    __1printf$1                              0x080045e1   Thumb Code     0  printf1.o(i.__0printf$1)
    __2printf                                0x080045e1   Thumb Code     0  printf1.o(i.__0printf$1)
    __scatterload_copy                       0x08004601   Thumb Code    14  handlers.o(i.__scatterload_copy)
    __scatterload_null                       0x0800460f   Thumb Code     2  handlers.o(i.__scatterload_null)
    __scatterload_zeroinit                   0x08004611   Thumb Code    14  handlers.o(i.__scatterload_zeroinit)
    beeper_control                           0x08004775   Thumb Code   166  mygpio.o(i.beeper_control)
    fputc                                    0x08004835   Thumb Code    22  main.o(i.fputc)
    led_fail_control                         0x08004851   Thumb Code   126  mygpio.o(i.led_fail_control)
    led_pass_control                         0x080048e1   Thumb Code   126  mygpio.o(i.led_pass_control)
    main                                     0x08004971   Thumb Code   144  main.o(i.main)
    task0_AdSample                           0x08004a49   Thumb Code   472  myadc.o(i.task0_AdSample)
    task1_TestHandle                         0x08004c45   Thumb Code   296  host.o(i.task1_TestHandle)
    task2_Uart3Debug                         0x08004d79   Thumb Code    10  myuart.o(i.task2_Uart3Debug)
    task3_Uart2Comm                          0x08004d89   Thumb Code    52  myuart.o(i.task3_Uart2Comm)
    task4_Uart1HMI                           0x08004dc5   Thumb Code    52  myuart.o(i.task4_Uart1HMI)
    task5_PeripheralControl                  0x08004e01   Thumb Code    22  mygpio.o(i.task5_PeripheralControl)
    task6_FeedDog                            0x08004e1d   Thumb Code     8  myiwdg.o(i.task6_FeedDog)
    task_countdown                           0x08004e29   Thumb Code    52  event.o(i.task_countdown)
    task_scheduler                           0x08004e61   Thumb Code    78  event.o(i.task_scheduler)
    AHBPrescTable                            0x08004ebc   Data          16  system_stm32f1xx.o(.constdata)
    APBPrescTable                            0x08004ecc   Data           8  system_stm32f1xx.o(.constdata)
    E0                                       0x08004ed4   Data          28  myuart.o(.constdata)
    E1                                       0x08004ef0   Data          28  myuart.o(.constdata)
    E2                                       0x08004f0c   Data          28  myuart.o(.constdata)
    E3                                       0x08004f28   Data          28  myuart.o(.constdata)
    E4                                       0x08004f44   Data          28  myuart.o(.constdata)
    E5                                       0x08004f60   Data          28  myuart.o(.constdata)
    E6                                       0x08004f7c   Data          28  myuart.o(.constdata)
    E7                                       0x08004f98   Data          28  myuart.o(.constdata)
    E8                                       0x08004fb4   Data          28  myuart.o(.constdata)
    E9                                       0x08004fd0   Data          28  myuart.o(.constdata)
    E10                                      0x08004fec   Data          29  myuart.o(.constdata)
    E11                                      0x08005009   Data          29  myuart.o(.constdata)
    E12                                      0x08005026   Data          29  myuart.o(.constdata)
    E13                                      0x08005043   Data          29  myuart.o(.constdata)
    E14                                      0x08005060   Data          29  myuart.o(.constdata)
    E15                                      0x0800507d   Data          29  myuart.o(.constdata)
    E16                                      0x0800509a   Data          29  myuart.o(.constdata)
    E17                                      0x080050b7   Data          29  myuart.o(.constdata)
    E18                                      0x080050d4   Data          29  myuart.o(.constdata)
    E19                                      0x080050f1   Data          29  myuart.o(.constdata)
    E20                                      0x0800510e   Data          29  myuart.o(.constdata)
    Region$$Table$$Base                      0x0800512c   Number         0  anon$$obj.o(Region$$Table)
    Region$$Table$$Limit                     0x0800514c   Number         0  anon$$obj.o(Region$$Table)
    SystemCoreClock                          0x20000000   Data           4  system_stm32f1xx.o(.data)
    LoadTestReference                        0x20000022   Data           1  global_variable.o(.data)
    LedBeeper                                0x20000023   Data           3  global_variable.o(.data)
    Signal                                   0x20000026   Data           4  global_variable.o(.data)
    TestStatus                               0x2000002a   Data           4  global_variable.o(.data)
    BoardControl                             0x2000002e   Data           4  global_variable.o(.data)
    uwTick                                   0x20000090   Data           4  stm32f1xx_hal.o(.data)
    __stdout                                 0x20000094   Data           4  stdout.o(.data)
    task_delay                               0x20000098   Data          14  event.o(.bss)
    AdcTank                                  0x200000a8   Data         128  global_variable.o(.bss)
    BoardReveivedData                        0x20000128   Data          50  global_variable.o(.bss)
    AdcQueue                                 0x2000015a   Data          26  global_variable.o(.bss)
    CommuData                                0x200002c0   Data         127  myuart.o(.bss)
    hadc1                                    0x200003bc   Data          48  adc.o(.bss)
    hdma_adc1                                0x200003ec   Data          68  adc.o(.bss)
    huart1                                   0x20000430   Data          64  usart.o(.bss)
    huart2                                   0x20000470   Data          64  usart.o(.bss)
    huart3                                   0x200004b0   Data          64  usart.o(.bss)
    hdma_usart1_rx                           0x200004f0   Data          68  usart.o(.bss)
    hdma_usart1_tx                           0x20000534   Data          68  usart.o(.bss)
    hdma_usart2_rx                           0x20000578   Data          68  usart.o(.bss)
    hdma_usart2_tx                           0x200005bc   Data          68  usart.o(.bss)
    hdma_usart3_rx                           0x20000600   Data          68  usart.o(.bss)
    hdma_usart3_tx                           0x20000644   Data          68  usart.o(.bss)
    __initial_sp                             0x20000a88   Data           0  startup_stm32f103xb.o(STACK)



==============================================================================

Memory Map of the image

  Image Entry point : 0x080000ed

  Load Region LR_IROM1 (Base: 0x08000000, Size: 0x000051e4, Max: 0x00010000, ABSOLUTE)

    Execution Region ER_IROM1 (Base: 0x08000000, Size: 0x0000514c, Max: 0x00010000, ABSOLUTE)

    Base Addr    Size         Type   Attr      Idx    E Section Name        Object

    0x08000000   0x000000ec   Data   RO          528    RESET               startup_stm32f103xb.o
    0x080000ec   0x00000000   Code   RO         2545  * .ARM.Collect$$$$00000000  mc_w.l(entry.o)
    0x080000ec   0x00000004   Code   RO         2811    .ARM.Collect$$$$00000001  mc_w.l(entry2.o)
    0x080000f0   0x00000004   Code   RO         2814    .ARM.Collect$$$$00000004  mc_w.l(entry5.o)
    0x080000f4   0x00000000   Code   RO         2816    .ARM.Collect$$$$00000008  mc_w.l(entry7b.o)
    0x080000f4   0x00000000   Code   RO         2818    .ARM.Collect$$$$0000000A  mc_w.l(entry8b.o)
    0x080000f4   0x00000008   Code   RO         2819    .ARM.Collect$$$$0000000B  mc_w.l(entry9a.o)
    0x080000fc   0x00000000   Code   RO         2821    .ARM.Collect$$$$0000000D  mc_w.l(entry10a.o)
    0x080000fc   0x00000000   Code   RO         2823    .ARM.Collect$$$$0000000F  mc_w.l(entry11a.o)
    0x080000fc   0x00000004   Code   RO         2812    .ARM.Collect$$$$00002712  mc_w.l(entry2.o)
    0x08000100   0x00000024   Code   RO          529    .text               startup_stm32f103xb.o
    0x08000124   0x0000002c   Code   RO         2826    .text               mc_w.l(uidiv.o)
    0x08000150   0x00000024   Code   RO         2841    .text               mc_w.l(init.o)
    0x08000174   0x00000052   Code   RO         1224    i.ADC_ConversionStop_Disable  stm32f1xx_hal_adc.o
    0x080001c6   0x00000052   Code   RO         1225    i.ADC_DMAConvCplt   stm32f1xx_hal_adc.o
    0x08000218   0x0000001e   Code   RO         1226    i.ADC_DMAError      stm32f1xx_hal_adc.o
    0x08000236   0x0000000e   Code   RO         1227    i.ADC_DMAHalfConvCplt  stm32f1xx_hal_adc.o
    0x08000244   0x00000084   Code   RO         1228    i.ADC_Enable        stm32f1xx_hal_adc.o
    0x080002c8   0x00000004   Code   RO          632    i.BusFault_Handler  stm32f1xx_it.o
    0x080002cc   0x00000010   Code   RO          633    i.DMA1_Channel1_IRQHandler  stm32f1xx_it.o
    0x080002dc   0x00000010   Code   RO          634    i.DMA1_Channel2_IRQHandler  stm32f1xx_it.o
    0x080002ec   0x00000010   Code   RO          635    i.DMA1_Channel3_IRQHandler  stm32f1xx_it.o
    0x080002fc   0x00000010   Code   RO          636    i.DMA1_Channel4_IRQHandler  stm32f1xx_it.o
    0x0800030c   0x00000010   Code   RO          637    i.DMA1_Channel5_IRQHandler  stm32f1xx_it.o
    0x0800031c   0x00000010   Code   RO          638    i.DMA1_Channel6_IRQHandler  stm32f1xx_it.o
    0x0800032c   0x00000010   Code   RO          639    i.DMA1_Channel7_IRQHandler  stm32f1xx_it.o
    0x0800033c   0x0000002c   Code   RO         2312    i.DMA_SetConfig     stm32f1xx_hal_dma.o
    0x08000368   0x00000002   Code   RO          640    i.DebugMon_Handler  stm32f1xx_it.o
    0x0800036a   0x00000002   PAD
    0x0800036c   0x00000014   Code   RO          641    i.EXTI4_IRQHandler  stm32f1xx_it.o
    0x08000380   0x00000014   Code   RO          642    i.EXTI9_5_IRQHandler  stm32f1xx_it.o
    0x08000394   0x00000104   Code   RO         1765    i.HAL_ADCEx_Calibration_Start  stm32f1xx_hal_adc_ex.o
    0x08000498   0x00000160   Code   RO         1230    i.HAL_ADC_ConfigChannel  stm32f1xx_hal_adc.o
    0x080005f8   0x00000002   Code   RO         1231    i.HAL_ADC_ConvCpltCallback  stm32f1xx_hal_adc.o
    0x080005fa   0x00000002   Code   RO         1232    i.HAL_ADC_ConvHalfCpltCallback  stm32f1xx_hal_adc.o
    0x080005fc   0x00000002   Code   RO         1234    i.HAL_ADC_ErrorCallback  stm32f1xx_hal_adc.o
    0x080005fe   0x00000002   PAD
    0x08000600   0x00000144   Code   RO         1239    i.HAL_ADC_Init      stm32f1xx_hal_adc.o
    0x08000744   0x000000b0   Code   RO          567    i.HAL_ADC_MspInit   adc.o
    0x080007f4   0x00000180   Code   RO         1246    i.HAL_ADC_Start_DMA  stm32f1xx_hal_adc.o
    0x08000974   0x0000003a   Code   RO         2313    i.HAL_DMA_Abort     stm32f1xx_hal_dma.o
    0x080009ae   0x00000002   PAD
    0x080009b0   0x000000b0   Code   RO         2314    i.HAL_DMA_Abort_IT  stm32f1xx_hal_dma.o
    0x08000a60   0x0000019c   Code   RO         2318    i.HAL_DMA_IRQHandler  stm32f1xx_hal_dma.o
    0x08000bfc   0x00000070   Code   RO         2319    i.HAL_DMA_Init      stm32f1xx_hal_dma.o
    0x08000c6c   0x0000009c   Code   RO         2323    i.HAL_DMA_Start_IT  stm32f1xx_hal_dma.o
    0x08000d08   0x00000002   Code   RO         2247    i.HAL_GPIO_EXTI_Callback  stm32f1xx_hal_gpio.o
    0x08000d0a   0x00000002   PAD
    0x08000d0c   0x0000001c   Code   RO         2248    i.HAL_GPIO_EXTI_IRQHandler  stm32f1xx_hal_gpio.o
    0x08000d28   0x0000031c   Code   RO         2249    i.HAL_GPIO_Init     stm32f1xx_hal_gpio.o
    0x08001044   0x00000010   Code   RO         2251    i.HAL_GPIO_ReadPin  stm32f1xx_hal_gpio.o
    0x08001054   0x00000008   Code   RO         2252    i.HAL_GPIO_TogglePin  stm32f1xx_hal_gpio.o
    0x0800105c   0x0000000c   Code   RO         2253    i.HAL_GPIO_WritePin  stm32f1xx_hal_gpio.o
    0x08001068   0x0000000c   Code   RO         2418    i.HAL_GetTick       stm32f1xx_hal.o
    0x08001074   0x00000010   Code   RO         2420    i.HAL_IncTick       stm32f1xx_hal.o
    0x08001084   0x00000028   Code   RO         2421    i.HAL_Init          stm32f1xx_hal.o
    0x080010ac   0x00000028   Code   RO         2422    i.HAL_InitTick      stm32f1xx_hal.o
    0x080010d4   0x00000094   Code   RO          608    i.HAL_MspInit       stm32f1xx_hal_msp.o
    0x08001168   0x0000001a   Code   RO         1863    i.HAL_NVIC_EnableIRQ  stm32f1xx_hal_cortex.o
    0x08001182   0x0000007c   Code   RO         1869    i.HAL_NVIC_SetPriority  stm32f1xx_hal_cortex.o
    0x080011fe   0x00000002   PAD
    0x08001200   0x00000028   Code   RO         1870    i.HAL_NVIC_SetPriorityGrouping  stm32f1xx_hal_cortex.o
    0x08001228   0x00000120   Code   RO         2211    i.HAL_RCCEx_GetPeriphCLKFreq  stm32f1xx_hal_rcc_ex.o
    0x08001348   0x00000130   Code   RO         2212    i.HAL_RCCEx_PeriphCLKConfig  stm32f1xx_hal_rcc_ex.o
    0x08001478   0x000001a4   Code   RO          939    i.HAL_RCC_ClockConfig  stm32f1xx_hal_rcc.o
    0x0800161c   0x0000000c   Code   RO          944    i.HAL_RCC_GetHCLKFreq  stm32f1xx_hal_rcc.o
    0x08001628   0x00000020   Code   RO          946    i.HAL_RCC_GetPCLK1Freq  stm32f1xx_hal_rcc.o
    0x08001648   0x00000020   Code   RO          947    i.HAL_RCC_GetPCLK2Freq  stm32f1xx_hal_rcc.o
    0x08001668   0x00000098   Code   RO          948    i.HAL_RCC_GetSysClockFreq  stm32f1xx_hal_rcc.o
    0x08001700   0x00000440   Code   RO          951    i.HAL_RCC_OscConfig  stm32f1xx_hal_rcc.o
    0x08001b40   0x00000028   Code   RO         1872    i.HAL_SYSTICK_CLKSourceConfig  stm32f1xx_hal_cortex.o
    0x08001b68   0x00000002   Code   RO         1873    i.HAL_SYSTICK_Callback  stm32f1xx_hal_cortex.o
    0x08001b6a   0x00000034   Code   RO         1874    i.HAL_SYSTICK_Config  stm32f1xx_hal_cortex.o
    0x08001b9e   0x00000008   Code   RO         1875    i.HAL_SYSTICK_IRQHandler  stm32f1xx_hal_cortex.o
    0x08001ba6   0x00000066   Code   RO         1453    i.HAL_UART_DMAStop  stm32f1xx_hal_uart.o
    0x08001c0c   0x00000002   Code   RO         1455    i.HAL_UART_ErrorCallback  stm32f1xx_hal_uart.o
    0x08001c0e   0x00000002   PAD
    0x08001c10   0x0000014c   Code   RO         1458    i.HAL_UART_IRQHandler  stm32f1xx_hal_uart.o
    0x08001d5c   0x00000072   Code   RO         1459    i.HAL_UART_Init     stm32f1xx_hal_uart.o
    0x08001dce   0x00000002   PAD
    0x08001dd0   0x000002b8   Code   RO          832    i.HAL_UART_MspInit  usart.o
    0x08002088   0x000000c4   Code   RO         1463    i.HAL_UART_Receive_DMA  stm32f1xx_hal_uart.o
    0x0800214c   0x00000002   Code   RO         1465    i.HAL_UART_RxCpltCallback  stm32f1xx_hal_uart.o
    0x0800214e   0x00000002   Code   RO         1466    i.HAL_UART_RxHalfCpltCallback  stm32f1xx_hal_uart.o
    0x08002150   0x000000d6   Code   RO         1467    i.HAL_UART_Transmit  stm32f1xx_hal_uart.o
    0x08002226   0x00000002   PAD
    0x08002228   0x0000009c   Code   RO         1468    i.HAL_UART_Transmit_DMA  stm32f1xx_hal_uart.o
    0x080022c4   0x00000002   Code   RO         1470    i.HAL_UART_TxCpltCallback  stm32f1xx_hal_uart.o
    0x080022c6   0x00000002   Code   RO         1471    i.HAL_UART_TxHalfCpltCallback  stm32f1xx_hal_uart.o
    0x080022c8   0x00000004   Code   RO          643    i.HardFault_Handler  stm32f1xx_it.o
    0x080022cc   0x00000124   Code   RO          568    i.MX_ADC1_Init      adc.o
    0x080023f0   0x00000094   Code   RO          783    i.MX_DMA_Init       dma.o
    0x08002484   0x00000180   Code   RO          807    i.MX_GPIO_Init      gpio.o
    0x08002604   0x0000004c   Code   RO          833    i.MX_USART1_UART_Init  usart.o
    0x08002650   0x0000004c   Code   RO          834    i.MX_USART2_UART_Init  usart.o
    0x0800269c   0x0000004c   Code   RO          835    i.MX_USART3_UART_Init  usart.o
    0x080026e8   0x00000004   Code   RO          644    i.MemManage_Handler  stm32f1xx_it.o
    0x080026ec   0x00000002   Code   RO          645    i.NMI_Handler       stm32f1xx_it.o
    0x080026ee   0x00000002   PAD
    0x080026f0   0x00000010   Code   RO         1876    i.NVIC_GetPriorityGrouping  stm32f1xx_hal_cortex.o
    0x08002700   0x00000028   Code   RO         1877    i.NVIC_SetPriority  stm32f1xx_hal_cortex.o
    0x08002728   0x00000002   Code   RO          646    i.PendSV_Handler    stm32f1xx_it.o
    0x0800272a   0x00000002   PAD
    0x0800272c   0x00000028   Code   RO          952    i.RCC_Delay         stm32f1xx_hal_rcc.o
    0x08002754   0x0000003c   Code   RO          178    i.ResetTest         host.o
    0x08002790   0x00000002   Code   RO          647    i.SVC_Handler       stm32f1xx_it.o
    0x08002792   0x00000002   PAD
    0x08002794   0x00000064   Code   RO          413    i.SendBoardCMD      myuart.o
    0x080027f8   0x00000010   Code   RO          648    i.SysTick_Handler   stm32f1xx_it.o
    0x08002808   0x000000a8   Code   RO          885    i.SystemClock_Config  main.o
    0x080028b0   0x00000058   Code   RO            5    i.SystemInit        system_stm32f1xx.o
    0x08002908   0x00000060   Code   RO          179    i.Test18V           host.o
    0x08002968   0x00000060   Code   RO          180    i.Test3V3           host.o
    0x080029c8   0x00000524   Code   RO          181    i.TestCalibrate     host.o
    0x08002eec   0x000000d0   Code   RO          182    i.TestCommunation   host.o
    0x08002fbc   0x00000034   Code   RO          183    i.TestComplete      host.o
    0x08002ff0   0x000000cc   Code   RO          184    i.TestH18V          host.o
    0x080030bc   0x00000060   Code   RO          185    i.TestI3V3          host.o
    0x0800311c   0x00000094   Code   RO          186    i.TestIgbtTemperature  host.o
    0x080031b0   0x0000008c   Code   RO          187    i.TestIgbthDriver   host.o
    0x0800323c   0x000000a0   Code   RO          188    i.TestIgbtlDriver   host.o
    0x080032dc   0x00000134   Code   RO          189    i.TestOverCurrentProtect  host.o
    0x08003410   0x0000017c   Code   RO          190    i.TestPanChecker    host.o
    0x0800358c   0x0000000c   Code   RO          191    i.TestPowerCheck    host.o
    0x08003598   0x000001b0   Code   RO          192    i.TestProgram       host.o
    0x08003748   0x000000dc   Code   RO          193    i.TestShortCurrent  host.o
    0x08003824   0x00000060   Code   RO          194    i.TestStaticCurrentAD  host.o
    0x08003884   0x00000094   Code   RO          195    i.TestStaticVlotageAD  host.o
    0x08003918   0x00000060   Code   RO          196    i.TestSurge         host.o
    0x08003978   0x00000098   Code   RO          197    i.TestTransformer   host.o
    0x08003a10   0x000000b0   Code   RO          198    i.TsetFan           host.o
    0x08003ac0   0x00000014   Code   RO         1472    i.UART_DMAAbortOnError  stm32f1xx_hal_uart.o
    0x08003ad4   0x00000050   Code   RO         1473    i.UART_DMAError     stm32f1xx_hal_uart.o
    0x08003b24   0x00000046   Code   RO         1474    i.UART_DMAReceiveCplt  stm32f1xx_hal_uart.o
    0x08003b6a   0x0000000e   Code   RO         1476    i.UART_DMARxHalfCplt  stm32f1xx_hal_uart.o
    0x08003b78   0x00000036   Code   RO         1478    i.UART_DMATransmitCplt  stm32f1xx_hal_uart.o
    0x08003bae   0x0000000e   Code   RO         1480    i.UART_DMATxHalfCplt  stm32f1xx_hal_uart.o
    0x08003bbc   0x00000020   Code   RO         1482    i.UART_EndRxTransfer  stm32f1xx_hal_uart.o
    0x08003bdc   0x00000020   Code   RO         1483    i.UART_EndTransmit_IT  stm32f1xx_hal_uart.o
    0x08003bfc   0x00000014   Code   RO         1484    i.UART_EndTxTransfer  stm32f1xx_hal_uart.o
    0x08003c10   0x000000a6   Code   RO         1485    i.UART_Receive_IT   stm32f1xx_hal_uart.o
    0x08003cb6   0x00000002   PAD
    0x08003cb8   0x000001c8   Code   RO         1486    i.UART_SetConfig    stm32f1xx_hal_uart.o
    0x08003e80   0x00000068   Code   RO         1487    i.UART_Transmit_IT  stm32f1xx_hal_uart.o
    0x08003ee8   0x0000006c   Code   RO         1488    i.UART_WaitOnFlagUntilTimeout  stm32f1xx_hal_uart.o
    0x08003f54   0x00000040   Code   RO          649    i.USART1_IRQHandler  stm32f1xx_it.o
    0x08003f94   0x00000040   Code   RO          650    i.USART2_IRQHandler  stm32f1xx_it.o
    0x08003fd4   0x00000010   Code   RO          651    i.USART3_IRQHandler  stm32f1xx_it.o
    0x08003fe4   0x00000074   Code   RO          414    i.Uart1HMIReceive   myuart.o
    0x08004058   0x00000040   Code   RO          415    i.Uart1HMISend      myuart.o
    0x08004098   0x00000070   Code   RO          416    i.Uart1SendBar      myuart.o
    0x08004108   0x000003e4   Code   RO          417    i.Uart1SendError    myuart.o
    0x080044ec   0x000000cc   Code   RO          418    i.Uart2BoardReceive  myuart.o
    0x080045b8   0x00000020   Code   RO          419    i.Uart2BoardSend    myuart.o
    0x080045d8   0x00000004   Code   RO          652    i.UsageFault_Handler  stm32f1xx_it.o
    0x080045dc   0x00000004   Code   RO          886    i._Error_Handler    main.o
    0x080045e0   0x00000020   Code   RO         2595    i.__0printf$1       mc_w.l(printf1.o)
    0x08004600   0x0000000e   Code   RO         2851    i.__scatterload_copy  mc_w.l(handlers.o)
    0x0800460e   0x00000002   Code   RO         2852    i.__scatterload_null  mc_w.l(handlers.o)
    0x08004610   0x0000000e   Code   RO         2853    i.__scatterload_zeroinit  mc_w.l(handlers.o)
    0x0800461e   0x00000002   PAD
    0x08004620   0x00000154   Code   RO         2602    i._printf_core      mc_w.l(printf1.o)
    0x08004774   0x000000c0   Code   RO          362    i.beeper_control    mygpio.o
    0x08004834   0x0000001c   Code   RO          888    i.fputc             main.o
    0x08004850   0x00000090   Code   RO          363    i.led_fail_control  mygpio.o
    0x080048e0   0x00000090   Code   RO          364    i.led_pass_control  mygpio.o
    0x08004970   0x000000d8   Code   RO          889    i.main              main.o
    0x08004a48   0x000001fc   Code   RO          335    i.task0_AdSample    myadc.o
    0x08004c44   0x00000134   Code   RO          199    i.task1_TestHandle  host.o
    0x08004d78   0x00000010   Code   RO          420    i.task2_Uart3Debug  myuart.o
    0x08004d88   0x0000003c   Code   RO          421    i.task3_Uart2Comm   myuart.o
    0x08004dc4   0x0000003c   Code   RO          422    i.task4_Uart1HMI    myuart.o
    0x08004e00   0x0000001c   Code   RO          365    i.task5_PeripheralControl  mygpio.o
    0x08004e1c   0x0000000c   Code   RO          500    i.task6_FeedDog     myiwdg.o
    0x08004e28   0x00000038   Code   RO          124    i.task_countdown    event.o
    0x08004e60   0x0000005c   Code   RO          125    i.task_scheduler    event.o
    0x08004ebc   0x00000018   Data   RO            6    .constdata          system_stm32f1xx.o
    0x08004ed4   0x00000257   Data   RO          424    .constdata          myuart.o
    0x0800512b   0x00000001   PAD
    0x0800512c   0x00000020   Data   RO         2849    Region$$Table       anon$$obj.o


    Execution Region RW_IRAM1 (Base: 0x20000000, Size: 0x00000a88, Max: 0x00005000, ABSOLUTE)

    Base Addr    Size         Type   Attr      Idx    E Section Name        Object

    0x20000000   0x00000004   Data   RW            7    .data               system_stm32f1xx.o
    0x20000004   0x0000001d   Data   RW          127    .data               event.o
    0x20000021   0x00000001   PAD
    0x20000022   0x00000010   Data   RW          163    .data               global_variable.o
    0x20000032   0x00000002   PAD
    0x20000034   0x00000038   Data   RW          200    .data               host.o
    0x2000006c   0x00000002   Data   RW          337    .data               myadc.o
    0x2000006e   0x00000008   Data   RW          366    .data               mygpio.o
    0x20000076   0x0000001a   Data   RW          425    .data               myuart.o
    0x20000090   0x00000004   Data   RW         2427    .data               stm32f1xx_hal.o
    0x20000094   0x00000004   Data   RW         2825    .data               mc_w.l(stdout.o)
    0x20000098   0x0000000e   Zero   RW          126    .bss                event.o
    0x200000a6   0x00000002   PAD
    0x200000a8   0x000000cc   Zero   RW          162    .bss                global_variable.o
    0x20000174   0x0000014c   Zero   RW          336    .bss                myadc.o
    0x200002c0   0x000000fc   Zero   RW          423    .bss                myuart.o
    0x200003bc   0x00000074   Zero   RW          569    .bss                adc.o
    0x20000430   0x00000258   Zero   RW          836    .bss                usart.o
    0x20000688   0x00000400   Zero   RW          526    STACK               startup_stm32f103xb.o


==============================================================================

Image component sizes


      Code (inc. data)   RO Data    RW Data    ZI Data      Debug   Object Name

       468         66          0          0        116       1923   adc.o
       148          4          0          0          0        818   dma.o
       148         18          0         29         14       1687   event.o
         0          0          0         16        204       1884   global_variable.o
       384         30          0          0          0       1067   gpio.o
      4904       1154          0         56          0      13532   host.o
       416         94          0          0          0       2325   main.o
       508         36          0          2        332       1041   myadc.o
       508         68          0          8          0       2333   mygpio.o
        12          4          0          0          0        440   myiwdg.o
      1760        230        599         26        252       8408   myuart.o
        36          8        236          0       1024        784   startup_stm32f103xb.o
       108         20          0          4          0       3243   stm32f1xx_hal.o
      1406         56          0          0          0       8586   stm32f1xx_hal_adc.o
       260          4          0          0          0       1502   stm32f1xx_hal_adc_ex.o
       348         22          0          0          0      28077   stm32f1xx_hal_cortex.o
       958         12          0          0          0       4974   stm32f1xx_hal_dma.o
       862         36          0          0          0       5192   stm32f1xx_hal_gpio.o
       148          8          0          0          0        894   stm32f1xx_hal_msp.o
      1776        110          0          0          0       6136   stm32f1xx_hal_rcc.o
       592         48          0          0          0       2481   stm32f1xx_hal_rcc_ex.o
      2294         40          0          0          0      16781   stm32f1xx_hal_uart.o
       336         76          0          0          0      11847   stm32f1xx_it.o
        88         18         24          4          0     427191   system_stm32f1xx.o
       924        148          0          0        600       3446   usart.o

    ----------------------------------------------------------------------
     19416       2310        892        148       2544     556592   Object Totals
         0          0         32          0          0          0   (incl. Generated)
        24          0          1          3          2          0   (incl. Padding)

    ----------------------------------------------------------------------

      Code (inc. data)   RO Data    RW Data    ZI Data      Debug   Library Member Name

         0          0          0          0          0          0   entry.o
         0          0          0          0          0          0   entry10a.o
         0          0          0          0          0          0   entry11a.o
         8          4          0          0          0          0   entry2.o
         4          0          0          0          0          0   entry5.o
         0          0          0          0          0          0   entry7b.o
         0          0          0          0          0          0   entry8b.o
         8          4          0          0          0          0   entry9a.o
        30          0          0          0          0          0   handlers.o
        36          8          0          0          0         68   init.o
       372         14          0          0          0        184   printf1.o
         0          0          0          4          0          0   stdout.o
        44          0          0          0          0         80   uidiv.o

    ----------------------------------------------------------------------
       504         30          0          4          0        332   Library Totals
         2          0          0          0          0          0   (incl. Padding)

    ----------------------------------------------------------------------

      Code (inc. data)   RO Data    RW Data    ZI Data      Debug   Library Name

       502         30          0          4          0        332   mc_w.l

    ----------------------------------------------------------------------
       504         30          0          4          0        332   Library Totals

    ----------------------------------------------------------------------

==============================================================================


      Code (inc. data)   RO Data    RW Data    ZI Data      Debug   

     19920       2340        892        152       2544     549692   Grand Totals
     19920       2340        892        152       2544     549692   ELF Image Totals
     19920       2340        892        152          0          0   ROM Totals

==============================================================================

    Total RO  Size (Code + RO Data)                20812 (  20.32kB)
    Total RW  Size (RW Data + ZI Data)              2696 (   2.63kB)
    Total ROM Size (Code + RO Data + RW Data)      20964 (  20.47kB)

==============================================================================

